<html>
<body>
<pre>
<h1>礦ision Build Log</h1>
<h2>Project:</h2>
E:\baker systerm\第七期\软件设计\OhmInstr-v20150130-DTS201502090028\OhmInstr-v121301-DTS201306151746\OhmInstr.uvproj
Project File Date:  04/18/2013

<h2>Output:</h2>
Build target 'OhmInstr'
assembling STM32F10x.s...
compiling main.c...
compiling stm32f10x_it.c...
compiling system.c...
compiling lcd2010.c...
compiling key2010.c...
compiling IIC.C...
compiling ds18b20.c...
ds18b20.c(201): warning:  #223-D: function "abs" declared implicitly
ds18b20.c:                      if((i16TempH != ucRAM[1]&0x0f)|| abs(i16TempL-ucRAM[0])>40)
ds18b20.c:                                                       ^
ds18b20.c: ds18b20.c: 1 warning, 0 errors
compiling RTC.c...
compiling adc.c...
compiling yuyin.c...
linking...
Program Size: Code=40076 RO-data=1084 RW-data=552 ZI-data=2928  
FromELF: creating hex file...
"OhmInstr.axf" - 0 Error(s), 1 Warning(s).
Build target 'OhmInstr'
assembling STM32F10x.s...
compiling main.c...
compiling stm32f10x_it.c...
compiling system.c...
compiling lcd2010.c...
compiling key2010.c...
compiling IIC.C...
compiling ds18b20.c...
ds18b20.c(201): warning:  #223-D: function "abs" declared implicitly
ds18b20.c:                      if((i16TempH != ucRAM[1]&0x0f)|| abs(i16TempL-ucRAM[0])>40)
ds18b20.c:                                                       ^
ds18b20.c: ds18b20.c: 1 warning, 0 errors
compiling RTC.c...
compiling adc.c...
compiling yuyin.c...
linking...
Program Size: Code=40076 RO-data=1084 RW-data=552 ZI-data=2928  
FromELF: creating hex file...
"OhmInstr.axf" - 0 Error(s), 1 Warning(s).
Build target 'OhmInstr'
assembling STM32F10x.s...
compiling main.c...
compiling stm32f10x_it.c...
compiling system.c...
compiling lcd2010.c...
compiling key2010.c...
compiling IIC.C...
compiling ds18b20.c...
ds18b20.c(201): warning:  #223-D: function "abs" declared implicitly
ds18b20.c:                      if((i16TempH != ucRAM[1]&0x0f)|| abs(i16TempL-ucRAM[0])>40)
ds18b20.c:                                                       ^
ds18b20.c: ds18b20.c: 1 warning, 0 errors
compiling RTC.c...
compiling adc.c...
compiling yuyin.c...
linking...
Program Size: Code=40076 RO-data=1084 RW-data=552 ZI-data=2928  
FromELF: creating hex file...
"OhmInstr.axf" - 0 Error(s), 1 Warning(s).
