<html>
<body>
<pre>
<h1>礦ision Build Log</h1>
<h2>Project:</h2>
E:\Tobaco Controller\皖南自动加煤物联网\software\OhmInstr-TC300S-CT302V1.490608WN\OhmInstr.uvproj
Project File Date:  05/21/2017

<h2>Output:</h2>
Rebuild target 'OhmInstr'
assembling STM32F10x.s...
compiling main.c...
compiling stm32f10x_it.c...
compiling system.c...
compiling lcd2010.c...
compiling key2010.c...
compiling IIC.C...
compiling ds18b20.c...
compiling RTC.c...
compiling adc.c...
compiling yuyin.c...
compiling spi.c...
compiling sx1276_7_8.c...
linking...
Program Size: Code=41176 RO-data=1080 RW-data=620 ZI-data=4596  
FromELF: creating hex file...
".\OhmInstr.axf" - 0 Error(s), 0 Warning(s).
</pre>
</body>
</html>
