Product: MDK-ARM Standard 5.10
Component: ARM Compiler 5.04 update 1 (build 49)
Tool: armlink [5040049]

==============================================================================

Section Cross References

    stm32f10x.o(STACK) refers (Special) to heapauxi.o(.text) for __use_two_region_memory
    stm32f10x.o(HEAP) refers (Special) to heapauxi.o(.text) for __use_two_region_memory
    stm32f10x.o(RESET) refers (Special) to heapauxi.o(.text) for __use_two_region_memory
    stm32f10x.o(RESET) refers to stm32f10x.o(STACK) for __initial_sp
    stm32f10x.o(RESET) refers to stm32f10x.o(.text) for Reset_Handler
    stm32f10x.o(RESET) refers to stm32f10x_it.o(.text) for NMI_Handler
    stm32f10x.o(.text) refers (Special) to heapauxi.o(.text) for __use_two_region_memory
    stm32f10x.o(.text) refers to __main.o(!!!main) for __main
    stm32f10x.o(.text) refers to stm32f10x.o(HEAP) for Heap_Mem
    stm32f10x.o(.text) refers to stm32f10x.o(STACK) for Stack_Mem
    main.o(.text) refers to main.o(.data) for WetTempValCtr
    main.o(.text) refers to lcd2010.o(.bss) for WorkSeg
    main.o(.text) refers to dflt_clz.o(x$fpl$dfltu) for __aeabi_ui2d
    main.o(.text) refers to dmul.o(x$fpl$dmul) for __aeabi_dmul
    main.o(.text) refers to dfixu.o(x$fpl$dfixu) for __aeabi_d2uiz
    main.o(.text) refers to main.o(.bss) for uiDispBuff
    main.o(.text) refers to iic.o(.text) for WordTo24C
    main.o(.text) refers to system.o(.text) for _delay_ms
    main.o(.text) refers to adc.o(.text) for uiGaugeACC
    main.o(.text) refers to yuyin.o(.text) for VoicePlay
    main.o(.text) refers to main.o(.constdata) for CurveNumzishe
    main.o(.text) refers to rtc.o(.text) for WtRTC
    main.o(.text) refers to stm32f10x_systick.o(i.SysTick_SetReload) for SysTick_SetReload
    main.o(.text) refers to stm32f10x_systick.o(i.SysTick_ITConfig) for SysTick_ITConfig
    main.o(.text) refers to stm32f10x_systick.o(i.SysTick_CounterCmd) for SysTick_CounterCmd
    main.o(.text) refers to ds18b20.o(.data) for u8DS18B20lowFlag
    main.o(.text) refers to stm32f10x_it.o(.data) for u16MotorCnt
    main.o(.text) refers to lcd2010.o(.text) for vdInitLCD
    main.o(.text) refers to ds18b20.o(.text) for ucStartRdTmp
    main.o(.text) refers to stm32f10x_gpio.o(i.GPIO_ReadInputDataBit) for GPIO_ReadInputDataBit
    main.o(.text) refers to sx1276_7_8.o(.text) for Init1278
    stm32f10x_it.o(.text) refers to stm32f10x_nvic.o(i.NVIC_SETFAULTMASK) for NVIC_SETFAULTMASK
    stm32f10x_it.o(.text) refers to stm32f10x_nvic.o(i.NVIC_GenerateSystemReset) for NVIC_GenerateSystemReset
    stm32f10x_it.o(.text) refers to stm32f10x_gpio.o(i.GPIO_ReadOutputDataBit) for GPIO_ReadOutputDataBit
    stm32f10x_it.o(.text) refers to stm32f10x_gpio.o(i.GPIO_WriteBit) for GPIO_WriteBit
    stm32f10x_it.o(.text) refers to lcd2010.o(.text) for vdInitLCD
    stm32f10x_it.o(.text) refers to main.o(.text) for vdGetFengmenCtrModFlag
    stm32f10x_it.o(.text) refers to sx1276_7_8.o(.text) for GetRFFrame_1278
    stm32f10x_it.o(.text) refers to key2010.o(.text) for KeyScan
    stm32f10x_it.o(.text) refers to system.o(.data) for msTick
    stm32f10x_it.o(.text) refers to main.o(.data) for uiCnt10ms
    stm32f10x_it.o(.text) refers to stm32f10x_it.o(.data) for LCDLED_RST
    stm32f10x_it.o(.text) refers to sx1276_7_8.o(.data) for SysTime_MicroSec
    system.o(.text) refers to stm32f10x_rcc.o(i.RCC_DeInit) for RCC_DeInit
    system.o(.text) refers to stm32f10x_rcc.o(i.RCC_HSEConfig) for RCC_HSEConfig
    system.o(.text) refers to stm32f10x_rcc.o(i.RCC_WaitForHSEStartUp) for RCC_WaitForHSEStartUp
    system.o(.text) refers to stm32f10x_flash.o(i.FLASH_PrefetchBufferCmd) for FLASH_PrefetchBufferCmd
    system.o(.text) refers to stm32f10x_flash.o(i.FLASH_SetLatency) for FLASH_SetLatency
    system.o(.text) refers to stm32f10x_rcc.o(i.RCC_HCLKConfig) for RCC_HCLKConfig
    system.o(.text) refers to stm32f10x_rcc.o(i.RCC_PCLK2Config) for RCC_PCLK2Config
    system.o(.text) refers to stm32f10x_rcc.o(i.RCC_PCLK1Config) for RCC_PCLK1Config
    system.o(.text) refers to stm32f10x_rcc.o(i.RCC_PLLConfig) for RCC_PLLConfig
    system.o(.text) refers to stm32f10x_rcc.o(i.RCC_PLLCmd) for RCC_PLLCmd
    system.o(.text) refers to stm32f10x_rcc.o(i.RCC_GetFlagStatus) for RCC_GetFlagStatus
    system.o(.text) refers to stm32f10x_rcc.o(i.RCC_SYSCLKConfig) for RCC_SYSCLKConfig
    system.o(.text) refers to stm32f10x_rcc.o(i.RCC_GetSYSCLKSource) for RCC_GetSYSCLKSource
    system.o(.text) refers to stm32f10x_rcc.o(i.RCC_APB1PeriphClockCmd) for RCC_APB1PeriphClockCmd
    system.o(.text) refers to stm32f10x_rcc.o(i.RCC_APB2PeriphClockCmd) for RCC_APB2PeriphClockCmd
    system.o(.text) refers to stm32f10x_gpio.o(i.GPIO_PinRemapConfig) for GPIO_PinRemapConfig
    system.o(.text) refers to stm32f10x_gpio.o(i.GPIO_Init) for GPIO_Init
    system.o(.text) refers to stm32f10x_gpio.o(i.GPIO_SetBits) for GPIO_SetBits
    system.o(.text) refers to stm32f10x_nvic.o(i.NVIC_SetVectorTable) for NVIC_SetVectorTable
[...]
    i.SPI_I2S_DeInit                         0x0800a3e0   Section        0  stm32f10x_spi.o(i.SPI_I2S_DeInit)
    i.SPI_I2S_GetFlagStatus                  0x0800a42c   Section        0  stm32f10x_spi.o(i.SPI_I2S_GetFlagStatus)
    i.SPI_I2S_ReceiveData                    0x0800a43a   Section        0  stm32f10x_spi.o(i.SPI_I2S_ReceiveData)
    i.SPI_I2S_SendData                       0x0800a43e   Section        0  stm32f10x_spi.o(i.SPI_I2S_SendData)
    i.SPI_Init                               0x0800a442   Section        0  stm32f10x_spi.o(i.SPI_Init)
    i.SysTick_CounterCmd                     0x0800a47a   Section        0  stm32f10x_systick.o(i.SysTick_CounterCmd)
    i.SysTick_ITConfig                       0x0800a49e   Section        0  stm32f10x_systick.o(i.SysTick_ITConfig)
    i.SysTick_SetReload                      0x0800a4b6   Section        0  stm32f10x_systick.o(i.SysTick_SetReload)
    i.USART_Cmd                              0x0800a4be   Section        0  stm32f10x_usart.o(i.USART_Cmd)
    i.USART_Init                             0x0800a4d4   Section        0  stm32f10x_usart.o(i.USART_Init)
    x$fpl$dfixu                              0x0800a55c   Section       90  dfixu.o(x$fpl$dfixu)
    x$fpl$dfltu                              0x0800a5b6   Section       38  dflt_clz.o(x$fpl$dfltu)
    x$fpl$dmul                               0x0800a5dc   Section      340  dmul.o(x$fpl$dmul)
    x$fpl$dnaninf                            0x0800a730   Section      156  dnaninf.o(x$fpl$dnaninf)
    x$fpl$dretinf                            0x0800a7cc   Section       12  dretinf.o(x$fpl$dretinf)
    .constdata                               0x0800a7d8   Section      640  main.o(.constdata)
    x$fpl$usenofp                            0x0800a7d8   Section        0  usenofp.o(x$fpl$usenofp)
    .constdata                               0x0800aa58   Section      132  lcd2010.o(.constdata)
    .constdata                               0x0800aadc   Section       21  sx1276_7_8.o(.constdata)
    .constdata                               0x0800aaf1   Section       20  stm32f10x_rcc.o(.constdata)
    ADCPrescTable                            0x0800aaf1   Data           4  stm32f10x_rcc.o(.constdata)
    APBAHBPrescTable                         0x0800aaf5   Data          16  stm32f10x_rcc.o(.constdata)
    .constdata                               0x0800ab05   Section       12  _monlen.o(.constdata)
    .data                                    0x20000000   Section      541  main.o(.data)
    turn                                     0x2000021c   Data           1  main.o(.data)
    .data                                    0x20000220   Section       24  stm32f10x_it.o(.data)
    .data                                    0x20000238   Section        4  system.o(.data)
    .data                                    0x2000023c   Section        7  lcd2010.o(.data)
    ucFlashShowCnt                           0x20000241   Data           1  lcd2010.o(.data)
    flgFlash                                 0x20000242   Data           1  lcd2010.o(.data)
    .data                                    0x20000243   Section        4  key2010.o(.data)
    .data                                    0x20000248   Section       12  iic.o(.data)
    .data                                    0x20000254   Section       26  ds18b20.o(.data)
    StartFailCnt                             0x2000025a   Data           1  ds18b20.o(.data)
    tbuf0                                    0x2000025c   Data           8  ds18b20.o(.data)
    tbuf1                                    0x20000264   Data           8  ds18b20.o(.data)
    val                                      0x2000026c   Data           2  ds18b20.o(.data)
    .data                                    0x20000270   Section        5  rtc.o(.data)
    .data                                    0x20000278   Section        4  adc.o(.data)
    .data                                    0x2000027c   Section       20  sx1276_7_8.o(.data)
    .data                                    0x20000290   Section        8  stm32f10x_rcc.o(.data)
    HSEStatus                                0x20000290   Data           1  stm32f10x_rcc.o(.data)
    StartUpCounter                           0x20000294   Data           4  stm32f10x_rcc.o(.data)
    .bss                                     0x20000298   Section      214  main.o(.bss)
    .bss                                     0x20000370   Section       16  system.o(.bss)
    .bss                                     0x20000380   Section      480  lcd2010.o(.bss)
    .bss                                     0x20000560   Section      104  rtc.o(.bss)
    .bss                                     0x200005c8   Section       96  sx1276_7_8.o(.bss)
    .bss                                     0x20000628   Section       96  libspace.o(.bss)
    HEAP                                     0x20000688   Section     1536  stm32f10x.o(HEAP)
    Heap_Mem                                 0x20000688   Data        1536  stm32f10x.o(HEAP)
    STACK                                    0x20000c88   Section     2048  stm32f10x.o(STACK)
    Stack_Mem                                0x20000c88   Data        2048  stm32f10x.o(STACK)
    __initial_sp                             0x20001488   Data           0  stm32f10x.o(STACK)

    Global Symbols

    Symbol Name                              Value     Ov Type        Size  Object(Section)

    BuildAttributes$$THM_ISAv4$P$D$K$B$S$PE$A:L22UL41UL21$X:L11$S22US41US21$IEEE1$IW$USESV6$~STKCKD$USESV7$~SHL$OSPACE$ROPI$EBA8$UX$STANDARDLIB$REQ8$PRES8$EABIv2 0x00000000   Number         0  anon$$obj.o ABSOLUTE
    __ARM_use_no_argv                        0x00000000   Number         0  main.o ABSOLUTE
    __ARM_exceptions_init                     - Undefined Weak Reference
    __alloca_initialize                       - Undefined Weak Reference
    __cpp_initialize__aeabi_                  - Undefined Weak Reference
    __cxa_finalize                            - Undefined Weak Reference
    __rt_locale                               - Undefined Weak Reference
    __sigvec_lookup                           - Undefined Weak Reference
    _atexit_init                              - Undefined Weak Reference
    _call_atexit_fns                          - Undefined Weak Reference
    _clock_init                               - Undefined Weak Reference
    _fp_trap_init                             - Undefined Weak Reference
    _fp_trap_shutdown                         - Undefined Weak Reference
    _get_lc_collate                           - Undefined Weak Reference
    _get_lc_ctype                             - Undefined Weak Reference
    _get_lc_monetary                          - Undefined Weak Reference
    _get_lc_numeric                           - Undefined Weak Reference
    _get_lc_time                              - Undefined Weak Reference
    _getenv_init                              - Undefined Weak Reference
    _handle_redirection                       - Undefined Weak Reference
    _init_alloc                               - Undefined Weak Reference
    _init_user_alloc                          - Undefined Weak Reference
    _initio                                   - Undefined Weak Reference
    _rand_init                                - Undefined Weak Reference
    _signal_finish                            - Undefined Weak Reference
    _signal_init                              - Undefined Weak Reference
    _terminate_alloc                          - Undefined Weak Reference
    _terminate_user_alloc                     - Undefined Weak Reference
    _terminateio                              - Undefined Weak Reference
    __Vectors                                0x08000000   Data           4  stm32f10x.o(RESET)
    __main                                   0x080000ed   Thumb Code     8  __main.o(!!!main)
    __scatterload                            0x080000f5   Thumb Code     0  __scatter.o(!!!scatter)
    __scatterload_rt2                        0x080000f5   Thumb Code    44  __scatter.o(!!!scatter)
    __scatterload_rt2_thumb_only             0x080000f5   Thumb Code     0  __scatter.o(!!!scatter)
    __scatterload_null                       0x08000103   Thumb Code     0  __scatter.o(!!!scatter)
    __decompress                             0x08000129   Thumb Code    90  __dczerorl2.o(!!dczerorl2)
    __decompress1                            0x08000129   Thumb Code     0  __dczerorl2.o(!!dczerorl2)
    __rt_lib_init                            0x08000183   Thumb Code     0  libinit.o(.ARM.Collect$$libinit$$00000000)
    __rt_lib_init_alloca_1                   0x08000185   Thumb Code     0  libinit2.o(.ARM.Collect$$libinit$$0000002C)
    __rt_lib_init_argv_1                     0x08000185   Thumb Code     0  libinit2.o(.ARM.Collect$$libinit$$0000002A)
    __rt_lib_init_atexit_1                   0x08000185   Thumb Code     0  libinit2.o(.ARM.Collect$$libinit$$00000019)
    __rt_lib_init_clock_1                    0x08000185   Thumb Code     0  libinit2.o(.ARM.Collect$$libinit$$0000001F)
    __rt_lib_init_cpp_1                      0x08000185   Thumb Code     0  libinit2.o(.ARM.Collect$$libinit$$00000030)
    __rt_lib_init_exceptions_1               0x08000185   Thumb Code     0  libinit2.o(.ARM.Collect$$libinit$$0000002E)
    __rt_lib_init_fp_1                       0x08000185   Thumb Code     0  libinit2.o(.ARM.Collect$$libinit$$00000002)
    __rt_lib_init_fp_trap_1                  0x08000185   Thumb Code     0  libinit2.o(.ARM.Collect$$libinit$$0000001D)
    __rt_lib_init_getenv_1                   0x08000185   Thumb Code     0  libinit2.o(.ARM.Collect$$libinit$$00000021)
    __rt_lib_init_heap_1                     0x08000185   Thumb Code     0  libinit2.o(.ARM.Collect$$libinit$$00000008)
    __rt_lib_init_lc_collate_1               0x08000185   Thumb Code     0  libinit2.o(.ARM.Collect$$libinit$$0000000F)
    __rt_lib_init_lc_ctype_1                 0x08000185   Thumb Code     0  libinit2.o(.ARM.Collect$$libinit$$00000011)
    __rt_lib_init_lc_monetary_1              0x08000185   Thumb Code     0  libinit2.o(.ARM.Collect$$libinit$$00000013)
    __rt_lib_init_lc_numeric_1               0x08000185   Thumb Code     0  libinit2.o(.ARM.Collect$$libinit$$00000015)
    __rt_lib_init_lc_time_1                  0x08000185   Thumb Code     0  libinit2.o(.ARM.Collect$$libinit$$00000017)
    __rt_lib_init_rand_1                     0x08000185   Thumb Code     0  libinit2.o(.ARM.Collect$$libinit$$0000000C)
    __rt_lib_init_return                     0x08000185   Thumb Code     0  libinit2.o(.ARM.Collect$$libinit$$00000031)
    __rt_lib_init_signal_1                   0x08000185   Thumb Code     0  libinit2.o(.ARM.Collect$$libinit$$0000001B)
    __rt_lib_init_stdio_1                    0x08000185   Thumb Code     0  libinit2.o(.ARM.Collect$$libinit$$00000023)
    __rt_lib_init_user_alloc_1               0x08000185   Thumb Code     0  libinit2.o(.ARM.Collect$$libinit$$0000000A)
    __rt_lib_shutdown                        0x08000187   Thumb Code     0  libshutdown.o(.ARM.Collect$$libshutdown$$00000000)
    __rt_lib_shutdown_fp_trap_1              0x08000189   Thumb Code     0  libshutdown2.o(.ARM.Collect$$libshutdown$$00000006)
    __rt_lib_shutdown_heap_1                 0x08000189   Thumb Code     0  libshutdown2.o(.ARM.Collect$$libshutdown$$0000000E)
    __rt_lib_shutdown_return                 0x08000189   Thumb Code     0  libshutdown2.o(.ARM.Collect$$libshutdown$$0000000F)
    __rt_lib_shutdown_signal_1               0x08000189   Thumb Code     0  libshutdown2.o(.ARM.Collect$$libshutdown$$00000009)
    __rt_lib_shutdown_stdio_1                0x08000189   Thumb Code     0  libshutdown2.o(.ARM.Collect$$libshutdown$$00000003)
    __rt_lib_shutdown_user_alloc_1           0x08000189   Thumb Code     0  libshutdown2.o(.ARM.Collect$$libshutdown$$0000000B)
    __rt_entry                               0x0800018b   Thumb Code     0  rtentry.o(.ARM.Collect$$rtentry$$00000000)
    __rt_entry_presh_1                       0x0800018b   Thumb Code     0  rtentry2.o(.ARM.Collect$$rtentry$$00000002)
    __rt_entry_sh                            0x0800018b   Thumb Code     0  rtentry4.o(.ARM.Collect$$rtentry$$00000004)
    __rt_entry_li                            0x08000191   Thumb Code     0  rtentry2.o(.ARM.Collect$$rtentry$$0000000A)
    __rt_entry_postsh_1                      0x08000191   Thumb Code     0  rtentry2.o(.ARM.Collect$$rtentry$$00000009)
    __rt_entry_main                          0x08000195   Thumb Code     0  rtentry2.o(.ARM.Collect$$rtentry$$0000000D)
    __rt_entry_postli_1                      0x08000195   Thumb Code     0  rtentry2.o(.ARM.Collect$$rtentry$$0000000C)
    __rt_exit                                0x0800019d   Thumb Code     0  rtexit.o(.ARM.Collect$$rtexit$$00000000)
    __rt_exit_ls                             0x0800019f   Thumb Code     0  rtexit2.o(.ARM.Collect$$rtexit$$00000003)
    __rt_exit_prels_1                        0x0800019f   Thumb Code     0  rtexit2.o(.ARM.Collect$$rtexit$$00000002)
    __rt_exit_exit                           0x080001a3   Thumb Code     0  rtexit2.o(.ARM.Collect$$rtexit$$00000004)
    Reset_Handler                            0x080001a9   Thumb Code     4  stm32f10x.o(.text)
    ADC_IRQHandler                           0x080001bf   Thumb Code     0  stm32f10x.o(.text)
    DMAChannel1_IRQHandler                   0x080001bf   Thumb Code     0  stm32f10x.o(.text)
    DMAChannel2_IRQHandler                   0x080001bf   Thumb Code     0  stm32f10x.o(.text)
    DMAChannel3_IRQHandler                   0x080001bf   Thumb Code     0  stm32f10x.o(.text)
    DMAChannel4_IRQHandler                   0x080001bf   Thumb Code     0  stm32f10x.o(.text)
    DMAChannel5_IRQHandler                   0x080001bf   Thumb Code     0  stm32f10x.o(.text)
    DMAChannel6_IRQHandler                   0x080001bf   Thumb Code     0  stm32f10x.o(.text)
    DMAChannel7_IRQHandler                   0x080001bf   Thumb Code     0  stm32f10x.o(.text)
    __user_initial_stackheap                 0x080001c1   Thumb Code     0  stm32f10x.o(.text)
    vdFengMenCntl                            0x080001e1   Thumb Code  1778  main.o(.text)
    vdGuoFengJiCntl                          0x080008d3   Thumb Code   104  main.o(.text)
    vdCalWetRate                             0x0800093b   Thumb Code   660  main.o(.text)
    vdCalDryRate                             0x08000bcf   Thumb Code   572  main.o(.text)
    vdDeciToBcd                              0x08000e0b   Thumb Code   776  main.o(.text)
    vdFillDispBuff                           0x08001113   Thumb Code  1870  main.o(.text)
    vdSaveRunDatExEep                        0x08001861   Thumb Code   174  main.o(.text)
    vdRenewTarDat                            0x0800190f   Thumb Code   270  main.o(.text)
    vdDaFengJiCntl                           0x08001a1d   Thumb Code    88  main.o(.text)
    vdGetXunHuanGaodiFlag                    0x08001a75   Thumb Code   212  main.o(.text)
    vdSampCoalMotorOverload                  0x08001b49   Thumb Code   204  main.o(.text)
    vdVoiceAlarm                             0x08001c15   Thumb Code   370  main.o(.text)
    vdWetAlarm                               0x08001d87   Thumb Code   130  main.o(.text)
    vdDryAlarm                               0x08001e09   Thumb Code   130  main.o(.text)
    vdCurProc                                0x08001e8b   Thumb Code   642  main.o(.text)
    vdVolProc                                0x0800210d   Thumb Code   286  main.o(.text)
    uiACProc                                 0x0800222b   Thumb Code   352  main.o(.text)
    vdReadRunDatFrExEep                      0x0800238b   Thumb Code   180  main.o(.text)
    vdReadDatFrEep                           0x0800243f   Thumb Code   362  main.o(.text)
    vdChangeDatToOriginal                    0x080025a9   Thumb Code   778  main.o(.text)
    vdSaveDatToEep                           0x080028b3   Thumb Code   216  main.o(.text)
    vdMinusKey                               0x0800298b   Thumb Code  1790  main.o(.text)
    vdPlusKey                                0x08003089   Thumb Code  1794  main.o(.text)
    vdSerRKey                                0x0800378b   Thumb Code   524  main.o(.text)
    vdSerLKey                                0x08003997   Thumb Code   254  main.o(.text)
    vdKeyProc                                0x08003a95   Thumb Code  4064  main.o(.text)
    main                                     0x08004a75   Thumb Code  7008  main.o(.text)
    vdGetFengmenCtrModFlag                   0x080065d5   Thumb Code    74  main.o(.text)
    AutoAddCoalMotorControlTimeChange        0x0800661f   Thumb Code   126  main.o(.text)
    NMIException                             0x08006729   Thumb Code    12  stm32f10x_it.o(.text)
    NMI_Handler                              0x08006729   Thumb Code     0  stm32f10x_it.o(.text)
    HardFaultException                       0x08006735   Thumb Code    12  stm32f10x_it.o(.text)
    HardFault_Handler                        0x08006735   Thumb Code     0  stm32f10x_it.o(.text)
    MemManageException                       0x08006741   Thumb Code    12  stm32f10x_it.o(.text)
    MemManage_Handler                        0x08006741   Thumb Code     0  stm32f10x_it.o(.text)
    BusFaultException                        0x0800674d   Thumb Code    12  stm32f10x_it.o(.text)
    BusFault_Handler                         0x0800674d   Thumb Code     0  stm32f10x_it.o(.text)
    UsageFaultException                      0x08006759   Thumb Code    12  stm32f10x_it.o(.text)
    UsageFault_Handler                       0x08006759   Thumb Code     0  stm32f10x_it.o(.text)
    DebugMon_Handler                         0x08006765   Thumb Code     0  stm32f10x_it.o(.text)
    DebugMonitor                             0x08006765   Thumb Code    12  stm32f10x_it.o(.text)
    SVCHandler                               0x08006771   Thumb Code    12  stm32f10x_it.o(.text)
    SVC_Handler                              0x08006771   Thumb Code     0  stm32f10x_it.o(.text)
    PendSVC                                  0x0800677d   Thumb Code    12  stm32f10x_it.o(.text)
    PendSV_Handler                           0x0800677d   Thumb Code     0  stm32f10x_it.o(.text)
    SysTickHandler                           0x08006789   Thumb Code  1196  stm32f10x_it.o(.text)
    SysTick_Handler                          0x08006789   Thumb Code     0  stm32f10x_it.o(.text)
    WWDG_IRQHandler                          0x08006c35   Thumb Code     4  stm32f10x_it.o(.text)
    PVD_IRQHandler                           0x08006c39   Thumb Code     4  stm32f10x_it.o(.text)
    TAMPER_IRQHandler                        0x08006c3d   Thumb Code     4  stm32f10x_it.o(.text)
    RTC_IRQHandler                           0x08006c41   Thumb Code     4  stm32f10x_it.o(.text)
    FLASH_IRQHandler                         0x08006c45   Thumb Code     4  stm32f10x_it.o(.text)
    RCC_IRQHandler                           0x08006c49   Thumb Code     4  stm32f10x_it.o(.text)
    EXTI0_IRQHandler                         0x08006c4d   Thumb Code     4  stm32f10x_it.o(.text)
    EXTI1_IRQHandler                         0x08006c51   Thumb Code     4  stm32f10x_it.o(.text)
    EXTI2_IRQHandler                         0x08006c55   Thumb Code     4  stm32f10x_it.o(.text)
    EXTI3_IRQHandler                         0x08006c59   Thumb Code     4  stm32f10x_it.o(.text)
    EXTI4_IRQHandler                         0x08006c5d   Thumb Code     4  stm32f10x_it.o(.text)
    DMA1_Channel1_IRQHandler                 0x08006c61   Thumb Code     4  stm32f10x_it.o(.text)
    DMA1_Channel2_IRQHandler                 0x08006c65   Thumb Code     4  stm32f10x_it.o(.text)
    DMA1_Channel3_IRQHandler                 0x08006c69   Thumb Code     4  stm32f10x_it.o(.text)
    DMA1_Channel4_IRQHandler                 0x08006c6d   Thumb Code     4  stm32f10x_it.o(.text)
    DMA1_Channel5_IRQHandler                 0x08006c71   Thumb Code     4  stm32f10x_it.o(.text)
    DMA1_Channel6_IRQHandler                 0x08006c75   Thumb Code     4  stm32f10x_it.o(.text)
    DMA1_Channel7_IRQHandler                 0x08006c79   Thumb Code     4  stm32f10x_it.o(.text)
    ADC1_2_IRQHandler                        0x08006c7d   Thumb Code     4  stm32f10x_it.o(.text)
    USB_HP_CAN_TX_IRQHandler                 0x08006c81   Thumb Code     4  stm32f10x_it.o(.text)
    USB_LP_CAN_RX0_IRQHandler                0x08006c85   Thumb Code     4  stm32f10x_it.o(.text)
    CAN_RX1_IRQHandler                       0x08006c89   Thumb Code     4  stm32f10x_it.o(.text)
    CAN_SCE_IRQHandler                       0x08006c8d   Thumb Code     4  stm32f10x_it.o(.text)
    EXTI9_5_IRQHandler                       0x08006c91   Thumb Code     4  stm32f10x_it.o(.text)
    TIM1_BRK_IRQHandler                      0x08006c95   Thumb Code     4  stm32f10x_it.o(.text)
    TIM1_UP_IRQHandler                       0x08006c99   Thumb Code     4  stm32f10x_it.o(.text)
    TIM1_TRG_COM_IRQHandler                  0x08006c9d   Thumb Code     4  stm32f10x_it.o(.text)
    TIM1_CC_IRQHandler                       0x08006ca1   Thumb Code     4  stm32f10x_it.o(.text)
    TIM2_IRQHandler                          0x08006ca5   Thumb Code     4  stm32f10x_it.o(.text)
    TIM3_IRQHandler                          0x08006ca9   Thumb Code     4  stm32f10x_it.o(.text)
    TIM4_IRQHandler                          0x08006cad   Thumb Code     4  stm32f10x_it.o(.text)
    I2C1_EV_IRQHandler                       0x08006cb1   Thumb Code     4  stm32f10x_it.o(.text)
    I2C1_ER_IRQHandler                       0x08006cb5   Thumb Code     4  stm32f10x_it.o(.text)
    I2C2_EV_IRQHandler                       0x08006cb9   Thumb Code     4  stm32f10x_it.o(.text)
    I2C2_ER_IRQHandler                       0x08006cbd   Thumb Code     4  stm32f10x_it.o(.text)
    SPI1_IRQHandler                          0x08006cc1   Thumb Code     4  stm32f10x_it.o(.text)
    SPI2_IRQHandler                          0x08006cc5   Thumb Code     4  stm32f10x_it.o(.text)
    USART1_IRQHandler                        0x08006cc9   Thumb Code     4  stm32f10x_it.o(.text)
    USART2_IRQHandler                        0x08006ccd   Thumb Code     4  stm32f10x_it.o(.text)
    USART3_IRQHandler                        0x08006cd1   Thumb Code     4  stm32f10x_it.o(.text)
    EXTI15_10_IRQHandler                     0x08006cd5   Thumb Code     4  stm32f10x_it.o(.text)
    RTCAlarm_IRQHandler                      0x08006cd9   Thumb Code     4  stm32f10x_it.o(.text)
    USBWakeUp_IRQHandler                     0x08006cdd   Thumb Code     4  stm32f10x_it.o(.text)
    TIM8_BRK_IRQHandler                      0x08006ce1   Thumb Code     4  stm32f10x_it.o(.text)
    TIM8_UP_IRQHandler                       0x08006ce5   Thumb Code     4  stm32f10x_it.o(.text)
    TIM8_TRG_COM_IRQHandler                  0x08006ce9   Thumb Code     4  stm32f10x_it.o(.text)
    TIM8_CC_IRQHandler                       0x08006ced   Thumb Code     4  stm32f10x_it.o(.text)
    ADC3_IRQHandler                          0x08006cf1   Thumb Code     4  stm32f10x_it.o(.text)
    FSMC_IRQHandler                          0x08006cf5   Thumb Code     4  stm32f10x_it.o(.text)
    SDIO_IRQHandler                          0x08006cf9   Thumb Code     4  stm32f10x_it.o(.text)
    TIM5_IRQHandler                          0x08006cfd   Thumb Code     4  stm32f10x_it.o(.text)
    SPI3_IRQHandler                          0x08006d01   Thumb Code     4  stm32f10x_it.o(.text)
    UART4_IRQHandler                         0x08006d05   Thumb Code     4  stm32f10x_it.o(.text)
    UART5_IRQHandler                         0x08006d09   Thumb Code     4  stm32f10x_it.o(.text)
    TIM6_IRQHandler                          0x08006d0d   Thumb Code     4  stm32f10x_it.o(.text)
    TIM7_IRQHandler                          0x08006d11   Thumb Code     4  stm32f10x_it.o(.text)
    DMA2_Channel1_IRQHandler                 0x08006d15   Thumb Code     4  stm32f10x_it.o(.text)
    DMA2_Channel2_IRQHandler                 0x08006d19   Thumb Code     4  stm32f10x_it.o(.text)
    DMA2_Channel3_IRQHandler                 0x08006d1d   Thumb Code     4  stm32f10x_it.o(.text)
    DMA2_Channel4_5_IRQHandler               0x08006d21   Thumb Code     4  stm32f10x_it.o(.text)
    RCC_Configuration                        0x08006d25   Thumb Code   118  system.o(.text)
    GPIO_Configuration                       0x08006d9b   Thumb Code   760  system.o(.text)
    NVIC_Configuration                       0x08007093   Thumb Code    14  system.o(.text)
    USARTInit                                0x080070a1   Thumb Code    40  system.o(.text)
    SPI_Configuration                        0x080070c9   Thumb Code   138  system.o(.text)
    _delay_us                                0x08007153   Thumb Code    74  system.o(.text)
    _delay_us1                               0x0800719d   Thumb Code    30  system.o(.text)
    _delay_500us                             0x080071bb   Thumb Code    34  system.o(.text)
    _delay_90us                              0x080071dd   Thumb Code    32  system.o(.text)
    _delay_ms                                0x080071fd   Thumb Code    32  system.o(.text)
    vdDrv164                                 0x0800721d   Thumb Code    98  lcd2010.o(.text)
    lcdwbit                                  0x0800727f   Thumb Code    72  lcd2010.o(.text)
    LcdSendId                                0x080072c7   Thumb Code    48  lcd2010.o(.text)
    LcdSendAddress                           0x080072f7   Thumb Code    48  lcd2010.o(.text)
    lcdwd                                    0x08007327   Thumb Code   102  lcd2010.o(.text)
    LcdSendByte                              0x0800738d   Thumb Code    52  lcd2010.o(.text)
    LcdSendHalfByte                          0x080073c1   Thumb Code    52  lcd2010.o(.text)
    lcdwc                                    0x080073f5   Thumb Code    82  lcd2010.o(.text)
    lcdreset                                 0x08007447   Thumb Code   290  lcd2010.o(.text)
    vdInitLCD                                0x08007569   Thumb Code    26  lcd2010.o(.text)
    vdDispBrush                              0x08007583   Thumb Code  4136  lcd2010.o(.text)
    ucReadKeyPort                            0x080085d9   Thumb Code   120  key2010.o(.text)
    KeyScan                                  0x08008651   Thumb Code   334  key2010.o(.text)
    SDA_Do                                   0x080087c1   Thumb Code    32  iic.o(.text)
    SDA_Di                                   0x080087e1   Thumb Code    32  iic.o(.text)
    IICdelay                                 0x08008801   Thumb Code    28  iic.o(.text)
    SETBSDA                                  0x0800881d   Thumb Code    20  iic.o(.text)
    SETBSCL                                  0x08008831   Thumb Code    20  iic.o(.text)
    CLRBSDA                                  0x08008845   Thumb Code    20  iic.o(.text)
    CLRBSCL                                  0x08008859   Thumb Code    20  iic.o(.text)
    WR24C_ST                                 0x0800886d   Thumb Code    42  iic.o(.text)
    WR24C_SP                                 0x08008897   Thumb Code    20  iic.o(.text)
    WR24C_Byte                               0x080088ab   Thumb Code    96  iic.o(.text)
    RD24C_ByteAck                            0x0800890b   Thumb Code   104  iic.o(.text)
    RD24C_ByteNAck                           0x08008973   Thumb Code   114  iic.o(.text)
    WR24C_Word                               0x080089e5   Thumb Code    40  iic.o(.text)
    RD24C_Word                               0x08008a0d   Thumb Code    40  iic.o(.text)
    WordTo24C                                0x08008a35   Thumb Code    34  iic.o(.text)
    WordFrom24C                              0x08008a57   Thumb Code    48  iic.o(.text)
    DS18B20_IO_IN                            0x08008aa5   Thumb Code    30  ds18b20.o(.text)
    DS18B20_IO_OUT                           0x08008ac3   Thumb Code    30  ds18b20.o(.text)
    ucInitB20                                0x08008ae1   Thumb Code   176  ds18b20.o(.text)
    vdWrB20                                  0x08008b91   Thumb Code    96  ds18b20.o(.text)
    ucRdB20                                  0x08008bf1   Thumb Code   162  ds18b20.o(.text)
    ucCRC8                                   0x08008c93   Thumb Code    64  ds18b20.o(.text)
    ucStartConvert                           0x08008cd3   Thumb Code    36  ds18b20.o(.text)
    uiRdTemp                                 0x08008cf7   Thumb Code   116  ds18b20.o(.text)
    ucStartRdTmp                             0x08008d6b   Thumb Code   904  ds18b20.o(.text)
    RTC_Configuration                        0x08009119   Thumb Code    84  rtc.o(.text)
    RTCInit                                  0x0800916d   Thumb Code    92  rtc.o(.text)
    RdRTC                                    0x080091c9   Thumb Code    56  rtc.o(.text)
    WtRTC                                    0x08009201   Thumb Code    60  rtc.o(.text)
    ADCInit                                  0x08009249   Thumb Code   110  adc.o(.text)
    uiGaugeACV                               0x080092b7   Thumb Code   144  adc.o(.text)
    uiGaugeACC                               0x08009347   Thumb Code   104  adc.o(.text)
    uiGaugeDCC                               0x080093af   Thumb Code   104  adc.o(.text)
    InitVoiceIO                              0x08009429   Thumb Code    28  yuyin.o(.text)
    VoiceSendByte                            0x08009445   Thumb Code    86  yuyin.o(.text)
    VoicePlay                                0x0800949b   Thumb Code    74  yuyin.o(.text)
    VoicePlayAll                             0x080094e5   Thumb Code    24  yuyin.o(.text)
    SPICmd8bit                               0x08009501   Thumb Code    50  spi.o(.text)
    SPIRead8bit                              0x08009533   Thumb Code    10  spi.o(.text)
    SPIRead                                  0x0800953d   Thumb Code    48  spi.o(.text)
    SPIWrite                                 0x0800956d   Thumb Code    50  spi.o(.text)
    SPIBurstRead                             0x0800959f   Thumb Code    74  spi.o(.text)
    BurstWrite                               0x080095e9   Thumb Code    76  spi.o(.text)
    sx1276_7_8_Standby                       0x0800963d   Thumb Code    12  sx1276_7_8.o(.text)
    sx1276_7_8_Sleep                         0x08009649   Thumb Code    12  sx1276_7_8.o(.text)
    sx1276_7_8_EntryLoRa                     0x08009655   Thumb Code    12  sx1276_7_8.o(.text)
    sx1276_7_8_LoRaClearIrq                  0x08009661   Thumb Code    12  sx1276_7_8.o(.text)
    sx1276_7_8_LoRaEntryRx                   0x0800966d   Thumb Code   102  sx1276_7_8.o(.text)
    sx1276_7_8_LoRaReadRSSI                  0x080096d3   Thumb Code    22  sx1276_7_8.o(.text)
    sx1276_7_8_LoRaRxPacket                  0x080096e9   Thumb Code    86  sx1276_7_8.o(.text)
    sx1276_7_8_LoRaEntryTx                   0x0800973f   Thumb Code    66  sx1276_7_8.o(.text)
    sx1276_7_8_LoRaTxPacket                  0x08009781   Thumb Code    50  sx1276_7_8.o(.text)
    sx1276_7_8_ReadRSSI                      0x080097b3   Thumb Code    22  sx1276_7_8.o(.text)
    sx1276_7_8_Config                        0x080097c9   Thumb Code   244  sx1276_7_8.o(.text)
    Init1278                                 0x080098bd   Thumb Code   126  sx1276_7_8.o(.text)
    SendRF1278                               0x0800993b   Thumb Code    26  sx1276_7_8.o(.text)
    GetRFFrame_1278                          0x08009955   Thumb Code   152  sx1276_7_8.o(.text)
    __WFI                                    0x08009a31   Thumb Code     0  cortexm3_macro.o(.text)
    __WFE                                    0x08009a35   Thumb Code     0  cortexm3_macro.o(.text)
    __SEV                                    0x08009a39   Thumb Code     0  cortexm3_macro.o(.text)
    __ISB                                    0x08009a3d   Thumb Code     0  cortexm3_macro.o(.text)
    __DSB                                    0x08009a43   Thumb Code     0  cortexm3_macro.o(.text)
    __DMB                                    0x08009a49   Thumb Code     0  cortexm3_macro.o(.text)
    __SVC                                    0x08009a4f   Thumb Code     0  cortexm3_macro.o(.text)
    __MRS_CONTROL                            0x08009a53   Thumb Code     0  cortexm3_macro.o(.text)
    __MSR_CONTROL                            0x08009a59   Thumb Code     0  cortexm3_macro.o(.text)
    __MRS_PSP                                0x08009a63   Thumb Code     0  cortexm3_macro.o(.text)
    __MSR_PSP                                0x08009a69   Thumb Code     0  cortexm3_macro.o(.text)
    __MRS_MSP                                0x08009a6f   Thumb Code     0  cortexm3_macro.o(.text)
    __MSR_MSP                                0x08009a75   Thumb Code     0  cortexm3_macro.o(.text)
    __RESETPRIMASK                           0x08009a7b   Thumb Code     0  cortexm3_macro.o(.text)
    __SETPRIMASK                             0x08009a7f   Thumb Code     0  cortexm3_macro.o(.text)
    __READ_PRIMASK                           0x08009a83   Thumb Code     0  cortexm3_macro.o(.text)
    __SETFAULTMASK                           0x08009a89   Thumb Code     0  cortexm3_macro.o(.text)
    __RESETFAULTMASK                         0x08009a8d   Thumb Code     0  cortexm3_macro.o(.text)
    __READ_FAULTMASK                         0x08009a91   Thumb Code     0  cortexm3_macro.o(.text)
    __BASEPRICONFIG                          0x08009a97   Thumb Code     0  cortexm3_macro.o(.text)
    __GetBASEPRI                             0x08009a9d   Thumb Code     0  cortexm3_macro.o(.text)
    __REV_HalfWord                           0x08009aa3   Thumb Code     0  cortexm3_macro.o(.text)
    __REV_Word                               0x08009aa7   Thumb Code     0  cortexm3_macro.o(.text)
    mktime                                   0x08009ae3   Thumb Code   356  mktime.o(.text)
    _localtime_r                             0x08009c51   Thumb Code   158  localtime_internal.o(.text)
    localtime_r                              0x08009c51   Thumb Code     0  localtime_internal.o(.text)
    __use_two_region_memory                  0x08009cf5   Thumb Code     2  heapauxi.o(.text)
    __rt_heap_escrow$2region                 0x08009cf7   Thumb Code     2  heapauxi.o(.text)
    __rt_heap_expand$2region                 0x08009cf9   Thumb Code     2  heapauxi.o(.text)
    __aeabi_memclr4                          0x08009cfb   Thumb Code     0  rt_memclr_w.o(.text)
    __aeabi_memclr8                          0x08009cfb   Thumb Code     0  rt_memclr_w.o(.text)
    __rt_memclr_w                            0x08009cfb   Thumb Code    78  rt_memclr_w.o(.text)
    _memset_w                                0x08009cff   Thumb Code     0  rt_memclr_w.o(.text)
    __user_setup_stackheap                   0x08009d49   Thumb Code    74  sys_stackheap_outer.o(.text)
    exit                                     0x08009d93   Thumb Code    12  exit.o(.text)
    __user_libspace                          0x08009da1   Thumb Code     8  libspace.o(.text)
    __user_perproc_libspace                  0x08009da1   Thumb Code     0  libspace.o(.text)
    __user_perthread_libspace                0x08009da1   Thumb Code     0  libspace.o(.text)
    _sys_exit                                0x08009da9   Thumb Code     8  sys_exit.o(.text)
    __I$use$semihosting                      0x08009db5   Thumb Code     0  use_no_semi.o(.text)
    __use_no_semihosting_swi                 0x08009db5   Thumb Code     2  use_no_semi.o(.text)
    ADC_ClearFlag                            0x08009db7   Thumb Code     6  stm32f10x_adc.o(i.ADC_ClearFlag)
    __semihosting_library_function           0x08009db7   Thumb Code     0  indicate_semi.o(.text)
    ADC_Cmd                                  0x08009dbd   Thumb Code    20  stm32f10x_adc.o(i.ADC_Cmd)
    ADC_GetCalibrationStatus                 0x08009dd1   Thumb Code    14  stm32f10x_adc.o(i.ADC_GetCalibrationStatus)
    ADC_GetFlagStatus                        0x08009ddf   Thumb Code    14  stm32f10x_adc.o(i.ADC_GetFlagStatus)
    ADC_GetResetCalibrationStatus            0x08009ded   Thumb Code    14  stm32f10x_adc.o(i.ADC_GetResetCalibrationStatus)
    ADC_Init                                 0x08009dfd   Thumb Code    62  stm32f10x_adc.o(i.ADC_Init)
    ADC_RegularChannelConfig                 0x08009e45   Thumb Code   116  stm32f10x_adc.o(i.ADC_RegularChannelConfig)
    ADC_ResetCalibration                     0x08009eb9   Thumb Code    10  stm32f10x_adc.o(i.ADC_ResetCalibration)
    ADC_SoftwareStartConvCmd                 0x08009ec3   Thumb Code    20  stm32f10x_adc.o(i.ADC_SoftwareStartConvCmd)
    ADC_StartCalibration                     0x08009ed7   Thumb Code    10  stm32f10x_adc.o(i.ADC_StartCalibration)
    BKP_ReadBackupRegister                   0x08009ee1   Thumb Code    10  stm32f10x_bkp.o(i.BKP_ReadBackupRegister)
    BKP_WriteBackupRegister                  0x08009ef1   Thumb Code    10  stm32f10x_bkp.o(i.BKP_WriteBackupRegister)
    FLASH_PrefetchBufferCmd                  0x08009f01   Thumb Code    18  stm32f10x_flash.o(i.FLASH_PrefetchBufferCmd)
    FLASH_SetLatency                         0x08009f19   Thumb Code    18  stm32f10x_flash.o(i.FLASH_SetLatency)
    GPIO_Init                                0x08009f31   Thumb Code   160  stm32f10x_gpio.o(i.GPIO_Init)
    GPIO_PinRemapConfig                      0x08009fd1   Thumb Code    66  stm32f10x_gpio.o(i.GPIO_PinRemapConfig)
    GPIO_ReadInputDataBit                    0x0800a019   Thumb Code    14  stm32f10x_gpio.o(i.GPIO_ReadInputDataBit)
    GPIO_ReadOutputDataBit                   0x0800a027   Thumb Code    14  stm32f10x_gpio.o(i.GPIO_ReadOutputDataBit)
    GPIO_ResetBits                           0x0800a035   Thumb Code     4  stm32f10x_gpio.o(i.GPIO_ResetBits)
    GPIO_SetBits                             0x0800a039   Thumb Code     4  stm32f10x_gpio.o(i.GPIO_SetBits)
    GPIO_WriteBit                            0x0800a03d   Thumb Code    10  stm32f10x_gpio.o(i.GPIO_WriteBit)
    NVIC_GenerateSystemReset                 0x0800a049   Thumb Code     8  stm32f10x_nvic.o(i.NVIC_GenerateSystemReset)
    NVIC_SETFAULTMASK                        0x0800a059   Thumb Code     4  stm32f10x_nvic.o(i.NVIC_SETFAULTMASK)
    NVIC_SetVectorTable                      0x0800a05d   Thumb Code    12  stm32f10x_nvic.o(i.NVIC_SetVectorTable)
    PWR_BackupAccessCmd                      0x0800a071   Thumb Code     6  stm32f10x_pwr.o(i.PWR_BackupAccessCmd)
    RCC_APB1PeriphClockCmd                   0x0800a07d   Thumb Code    18  stm32f10x_rcc.o(i.RCC_APB1PeriphClockCmd)
    RCC_APB1PeriphResetCmd                   0x0800a095   Thumb Code    18  stm32f10x_rcc.o(i.RCC_APB1PeriphResetCmd)
    RCC_APB2PeriphClockCmd                   0x0800a0ad   Thumb Code    18  stm32f10x_rcc.o(i.RCC_APB2PeriphClockCmd)
    RCC_APB2PeriphResetCmd                   0x0800a0c5   Thumb Code    18  stm32f10x_rcc.o(i.RCC_APB2PeriphResetCmd)
    RCC_ClearFlag                            0x0800a0dd   Thumb Code    12  stm32f10x_rcc.o(i.RCC_ClearFlag)
    RCC_DeInit                               0x0800a0ed   Thumb Code    48  stm32f10x_rcc.o(i.RCC_DeInit)
    RCC_GetClocksFreq                        0x0800a129   Thumb Code   132  stm32f10x_rcc.o(i.RCC_GetClocksFreq)
    RCC_GetFlagStatus                        0x0800a1bd   Thumb Code    42  stm32f10x_rcc.o(i.RCC_GetFlagStatus)
    RCC_GetSYSCLKSource                      0x0800a1ed   Thumb Code    10  stm32f10x_rcc.o(i.RCC_GetSYSCLKSource)
    RCC_HCLKConfig                           0x0800a1fd   Thumb Code    14  stm32f10x_rcc.o(i.RCC_HCLKConfig)
    RCC_HSEConfig                            0x0800a211   Thumb Code    48  stm32f10x_rcc.o(i.RCC_HSEConfig)
    RCC_LSEConfig                            0x0800a245   Thumb Code    26  stm32f10x_rcc.o(i.RCC_LSEConfig)
    RCC_PCLK1Config                          0x0800a265   Thumb Code    14  stm32f10x_rcc.o(i.RCC_PCLK1Config)
    RCC_PCLK2Config                          0x0800a279   Thumb Code    16  stm32f10x_rcc.o(i.RCC_PCLK2Config)
    RCC_PLLCmd                               0x0800a28d   Thumb Code     6  stm32f10x_rcc.o(i.RCC_PLLCmd)
    RCC_PLLConfig                            0x0800a299   Thumb Code    16  stm32f10x_rcc.o(i.RCC_PLLConfig)
    RCC_RTCCLKCmd                            0x0800a2ad   Thumb Code     6  stm32f10x_rcc.o(i.RCC_RTCCLKCmd)
    RCC_RTCCLKConfig                         0x0800a2b9   Thumb Code    10  stm32f10x_rcc.o(i.RCC_RTCCLKConfig)
    RCC_SYSCLKConfig                         0x0800a2c9   Thumb Code    14  stm32f10x_rcc.o(i.RCC_SYSCLKConfig)
    RCC_WaitForHSEStartUp                    0x0800a2dd   Thumb Code    46  stm32f10x_rcc.o(i.RCC_WaitForHSEStartUp)
    RTC_EnterConfigMode                      0x0800a311   Thumb Code    12  stm32f10x_rtc.o(i.RTC_EnterConfigMode)
    RTC_ExitConfigMode                       0x0800a321   Thumb Code    12  stm32f10x_rtc.o(i.RTC_ExitConfigMode)
    RTC_GetCounter                           0x0800a331   Thumb Code    12  stm32f10x_rtc.o(i.RTC_GetCounter)
    RTC_ITConfig                             0x0800a341   Thumb Code    22  stm32f10x_rtc.o(i.RTC_ITConfig)
    RTC_SetCounter                           0x0800a35d   Thumb Code    24  stm32f10x_rtc.o(i.RTC_SetCounter)
    RTC_SetPrescaler                         0x0800a379   Thumb Code    26  stm32f10x_rtc.o(i.RTC_SetPrescaler)
    RTC_WaitForLastTask                      0x0800a399   Thumb Code    14  stm32f10x_rtc.o(i.RTC_WaitForLastTask)
    RTC_WaitForSynchro                       0x0800a3ad   Thumb Code    26  stm32f10x_rtc.o(i.RTC_WaitForSynchro)
    SPI_Cmd                                  0x0800a3cd   Thumb Code    20  stm32f10x_spi.o(i.SPI_Cmd)
    SPI_I2S_DeInit                           0x0800a3e1   Thumb Code    72  stm32f10x_spi.o(i.SPI_I2S_DeInit)
    SPI_I2S_GetFlagStatus                    0x0800a42d   Thumb Code    14  stm32f10x_spi.o(i.SPI_I2S_GetFlagStatus)
    SPI_I2S_ReceiveData                      0x0800a43b   Thumb Code     4  stm32f10x_spi.o(i.SPI_I2S_ReceiveData)
    SPI_I2S_SendData                         0x0800a43f   Thumb Code     4  stm32f10x_spi.o(i.SPI_I2S_SendData)
    SPI_Init                                 0x0800a443   Thumb Code    56  stm32f10x_spi.o(i.SPI_Init)
    SysTick_CounterCmd                       0x0800a47b   Thumb Code    36  stm32f10x_systick.o(i.SysTick_CounterCmd)
    SysTick_ITConfig                         0x0800a49f   Thumb Code    24  stm32f10x_systick.o(i.SysTick_ITConfig)
    SysTick_SetReload                        0x0800a4b7   Thumb Code     8  stm32f10x_systick.o(i.SysTick_SetReload)
    USART_Cmd                                0x0800a4bf   Thumb Code    20  stm32f10x_usart.o(i.USART_Cmd)
    USART_Init                               0x0800a4d5   Thumb Code   130  stm32f10x_usart.o(i.USART_Init)
    __aeabi_d2uiz                            0x0800a55d   Thumb Code     0  dfixu.o(x$fpl$dfixu)
    _dfixu                                   0x0800a55d   Thumb Code    90  dfixu.o(x$fpl$dfixu)
    __aeabi_ui2d                             0x0800a5b7   Thumb Code     0  dflt_clz.o(x$fpl$dfltu)
    _dfltu                                   0x0800a5b7   Thumb Code    38  dflt_clz.o(x$fpl$dfltu)
    __aeabi_dmul                             0x0800a5dd   Thumb Code     0  dmul.o(x$fpl$dmul)
    _dmul                                    0x0800a5dd   Thumb Code   332  dmul.o(x$fpl$dmul)
    __fpl_dnaninf                            0x0800a731   Thumb Code   156  dnaninf.o(x$fpl$dnaninf)
    __fpl_dretinf                            0x0800a7cd   Thumb Code    12  dretinf.o(x$fpl$dretinf)
    CurveNumshang                            0x0800a7d8   Data         160  main.o(.constdata)
    __I$use$fp                               0x0800a7d8   Number         0  usenofp.o(x$fpl$usenofp)
    CurveNumzhong                            0x0800a878   Data         160  main.o(.constdata)
    CurveNumxia                              0x0800a918   Data         160  main.o(.constdata)
    CurveNumzishe                            0x0800a9b8   Data         160  main.o(.constdata)
    bank01Abuff                              0x0800aa58   Data          11  lcd2010.o(.constdata)
    bank01Bbuff                              0x0800aa63   Data          11  lcd2010.o(.constdata)
    bank02Abuff                              0x0800aa6e   Data          11  lcd2010.o(.constdata)
    bank02Bbuff                              0x0800aa79   Data          11  lcd2010.o(.constdata)
    bank03Abuff                              0x0800aa84   Data          11  lcd2010.o(.constdata)
    bank03Bbuff                              0x0800aa8f   Data          11  lcd2010.o(.constdata)
    bank04Abuff                              0x0800aa9a   Data          11  lcd2010.o(.constdata)
    bank04Bbuff                              0x0800aaa5   Data          11  lcd2010.o(.constdata)
    bank05Abuff                              0x0800aab0   Data          11  lcd2010.o(.constdata)
    bank05Bbuff                              0x0800aabb   Data          11  lcd2010.o(.constdata)
    bank06Abuff                              0x0800aac6   Data          11  lcd2010.o(.constdata)
    bank07Abuff                              0x0800aad1   Data          11  lcd2010.o(.constdata)
    sx1276_7_8PowerTbl                       0x0800aadc   Data           4  sx1276_7_8.o(.constdata)
    sx1276_7_8SpreadFactorTbl                0x0800aae0   Data           7  sx1276_7_8.o(.constdata)
    sx1276_7_8LoRaBwTbl                      0x0800aae7   Data          10  sx1276_7_8.o(.constdata)
    _monlen                                  0x0800ab05   Data          12  _monlen.o(.constdata)
    Region$$Table$$Base                      0x0800ab14   Number         0  anon$$obj.o(Region$$Table)
    Region$$Table$$Limit                     0x0800ab24   Number         0  anon$$obj.o(Region$$Table)
    rstflag                                  0x20000000   Data           5  main.o(.data)
    ucMaxKaoNum                              0x20000005   Data           1  main.o(.data)
    ucMaxTotalHour                           0x20000006   Data           1  main.o(.data)
    u8JiaMeiJiCnt                            0x20000007   Data           1  main.o(.data)
    flgXunHuanGaoDiCntPre                    0x20000008   Data           1  main.o(.data)
    flgCycleTimCnt                           0x20000009   Data           1  main.o(.data)
    ucSecCnt                                 0x2000000a   Data           1  main.o(.data)
    ucMinCnt                                 0x2000000b   Data           1  main.o(.data)
    i16CoalMotorIntervalSecCnt               0x2000000c   Data           4  main.o(.data)
    flgMinCnt                                0x20000010   Data           1  main.o(.data)
    flgHourCnt                               0x20000011   Data           1  main.o(.data)
    uiTotalRunHour                           0x20000014   Data           4  main.o(.data)
    uiTotalQueryHour                         0x20000018   Data           4  main.o(.data)
    ucSegCntTime                             0x2000001c   Data           4  main.o(.data)
    uiSegLastTime                            0x20000020   Data           4  main.o(.data)
    ucSixMinCnt                              0x20000024   Data           1  main.o(.data)
    uiDryTempVal                             0x20000028   Data           4  main.o(.data)
    uiWetTempVal                             0x2000002c   Data           4  main.o(.data)
    uiAuxDryTempVal                          0x20000030   Data           4  main.o(.data)
    uiAuxWetTempVal                          0x20000034   Data           4  main.o(.data)
    uiTargetDryTemp                          0x20000038   Data           4  main.o(.data)
    uiTargetWetTemp                          0x2000003c   Data           4  main.o(.data)
    uiRiseDryTempRate                        0x20000040   Data           4  main.o(.data)
    uiRiseWetTempRate                        0x20000044   Data           4  main.o(.data)
    enWorkMode                               0x20000048   Data           1  main.o(.data)
    ucBakWorkMode                            0x20000049   Data           1  main.o(.data)
    ucModeSwiTime                            0x2000004a   Data           1  main.o(.data)
    ucBakWorkModeDebug                       0x2000004b   Data           1  main.o(.data)
    ProtectCurrentMax                        0x2000004c   Data           1  main.o(.data)
    ProtectCurrentError                      0x2000004d   Data           1  main.o(.data)
    ProtectVoltageMax                        0x20000050   Data           4  main.o(.data)
    ProtectVoltageMin                        0x20000054   Data           4  main.o(.data)
    ProtectVoltageMaxTmp                     0x20000058   Data           4  main.o(.data)
    uiAcVolVal                               0x2000005c   Data           4  main.o(.data)
    uiAcVolValPre                            0x20000060   Data           4  main.o(.data)
    uiAcCurVal_A                             0x20000064   Data           4  main.o(.data)
    uiAcCurVal_APre                          0x20000068   Data           4  main.o(.data)
    uiAcCurVal_B                             0x2000006c   Data           4  main.o(.data)
    uiAcCurVal_BPre                          0x20000070   Data           4  main.o(.data)
    uiAcCurVal_C                             0x20000074   Data           4  main.o(.data)
    uiAcCurVal_CPre                          0x20000078   Data           4  main.o(.data)
    uiAcVolValTemp                           0x2000007c   Data           4  main.o(.data)
    u16CurrUpdateFlag                        0x20000080   Data           4  main.o(.data)
    ucProtCurVal                             0x20000084   Data           4  main.o(.data)
    ucProtCurValErr                          0x20000088   Data           4  main.o(.data)
    uiFengmenCtrMod                          0x2000008c   Data           4  main.o(.data)
    FengMenGufengCtr                         0x20000090   Data           4  main.o(.data)
    FengMenGufengCtr1                        0x20000094   Data           4  main.o(.data)
    uiTempSensorErrFlagPre                   0x20000098   Data           4  main.o(.data)
    uDryTmepUpFlag                           0x2000009c   Data           1  main.o(.data)
    uWetTmepUpFlag                           0x2000009d   Data           1  main.o(.data)
    ucCurveNum                               0x2000009e   Data           1  main.o(.data)
    ucCurveNumSet                            0x2000009f   Data           1  main.o(.data)
    ucRealRunSegNum                          0x200000a0   Data           1  main.o(.data)
    ucCurvRunSegNum                          0x200000a1   Data           1  main.o(.data)
    ucSelfCurvRunSegMaxNumSet                0x200000a2   Data           1  main.o(.data)
    ucSelfCurvRunSegMaxNum                   0x200000a3   Data           1  main.o(.data)
    flgSelfSetPause                          0x200000a4   Data           1  main.o(.data)
    flgFlashShow                             0x200000a5   Data           1  main.o(.data)
    ucSetupClassIndex                        0x200000a6   Data           1  main.o(.data)
    flgMainSensor                            0x200000a7   Data           1  main.o(.data)
    flgMainSensorSet                         0x200000a8   Data           1  main.o(.data)
    flgPianWen                               0x200000a9   Data           1  main.o(.data)
    flgPwrLackPhase                          0x200000aa   Data           1  main.o(.data)
    flgVolProt                               0x200000ab   Data           1  main.o(.data)
    flgOverCurProt                           0x200000ac   Data           1  main.o(.data)
    ucOverCurCnt1                            0x200000ad   Data           1  main.o(.data)
    flgFengjiLackPh                          0x200000ae   Data           1  main.o(.data)
    ucOverCurCnt                             0x200000af   Data           1  main.o(.data)
    ucFengjiLackPhCnt                        0x200000b0   Data           1  main.o(.data)
    flgFengjiNoCur                           0x200000b1   Data           1  main.o(.data)
    flgFengjiCurJudgeWait                    0x200000b2   Data           1  main.o(.data)
    flgDryHigh                               0x200000b3   Data           1  main.o(.data)
    flgDryLow                                0x200000b4   Data           1  main.o(.data)
    flgWetHigh                               0x200000b5   Data           1  main.o(.data)
    flgWetLow                                0x200000b6   Data           1  main.o(.data)
    flgTmpDispGist                           0x200000b7   Data           1  main.o(.data)
    ucTmpDispGistCnt                         0x200000b8   Data           1  main.o(.data)
    flgUpDownFlashShow                       0x200000b9   Data           1  main.o(.data)
    WetTempValCtrT                           0x200000bc   Data           4  main.o(.data)
    WetTempValCtr                            0x200000c0   Data           4  main.o(.data)
    WetBulbSuperscale                        0x200000c4   Data           4  main.o(.data)
    FengmenAnglePre                          0x200000c8   Data           4  main.o(.data)
    FengmenAngleN                            0x200000cc   Data           4  main.o(.data)
    flgDispBrush                             0x200000d0   Data           1  main.o(.data)
    ucCurveDispBuff                          0x200000d1   Data           4  main.o(.data)
    flgOverVol                               0x200000d5   Data           1  main.o(.data)
    flgUnderVol                              0x200000d6   Data           1  main.o(.data)
    flgSysCtrFlag                            0x200000d7   Data           1  main.o(.data)
    flgSysCtrCnt                             0x200000d8   Data           1  main.o(.data)
    ucRTCDispBuff                            0x200000d9   Data           5  main.o(.data)
    ucUpDownDispBuff                         0x200000de   Data           2  main.o(.data)
    uiCnt10ms                                0x200000e0   Data           4  main.o(.data)
    uiCnt1000ms                              0x200000e4   Data           4  main.o(.data)
    uiCnt700ms                               0x200000e8   Data           4  main.o(.data)
    IICaddr                                  0x200000ec   Data           4  main.o(.data)
    IICdatt                                  0x200000f0   Data           4  main.o(.data)
    IICk                                     0x200000f4   Data           4  main.o(.data)
    u16TimeMinFlag                           0x200000f8   Data           4  main.o(.data)
    u16Over15CloseCnt                        0x200000fc   Data           4  main.o(.data)
    uiMostDryTmp                             0x20000100   Data           4  main.o(.data)
    uiLastDryTmp                             0x20000104   Data           4  main.o(.data)
    uiPreDryTmp                              0x20000108   Data           4  main.o(.data)
    uiMostWetTmp                             0x2000010c   Data           4  main.o(.data)
    uiLastWetTmp                             0x20000110   Data           4  main.o(.data)
    uiPreWetTmp                              0x20000114   Data           4  main.o(.data)
    flgFanOn                                 0x20000118   Data           1  main.o(.data)
    flgCoalFanOn                             0x20000119   Data           1  main.o(.data)
    flgFanOnPre                              0x2000011a   Data           1  main.o(.data)
    flgXunOn                                 0x2000011b   Data           1  main.o(.data)
    flgXunHuanGaoDi                          0x2000011c   Data           1  main.o(.data)
    flgXunHuanGaoDiPre                       0x2000011d   Data           1  main.o(.data)
    flgXunHuanGaoDiPreDelay                  0x2000011e   Data           1  main.o(.data)
    uiTemp_filter_value                      0x20000120   Data           4  main.o(.data)
    uiFmNonCnt                               0x20000124   Data           4  main.o(.data)
    flgFmNonCnt                              0x20000128   Data           1  main.o(.data)
    flgWindRun                               0x20000129   Data           1  main.o(.data)
    flgCoalMotorRun                          0x2000012a   Data           1  main.o(.data)
    flgWindStatusCheck                       0x2000012b   Data           1  main.o(.data)
    flgSystemStatus                          0x2000012c   Data           1  main.o(.data)
    uiPreMenTmpDot                           0x20000130   Data           4  main.o(.data)
    uiWindCnt                                0x20000134   Data           4  main.o(.data)
    ucKaofangNum                             0x20000138   Data           1  main.o(.data)
    ucKaofangNumQuery                        0x20000139   Data           1  main.o(.data)
    OvenOverFlag                             0x2000013a   Data           1  main.o(.data)
    FengmenCtrMod                            0x2000013b   Data           1  main.o(.data)
    FengmenCtrModPre                         0x2000013c   Data           1  main.o(.data)
    vdVoiceAlarmCnt                          0x2000013d   Data           1  main.o(.data)
    FENGJIRUNFLAG                            0x2000013e   Data           1  main.o(.data)
    FlagPowerStatus                          0x2000013f   Data           1  main.o(.data)
    FlagPowerStatusPre                       0x20000140   Data           1  main.o(.data)
    FlagPowerStatusCnt                       0x20000141   Data           1  main.o(.data)
    FengjiProtFlag                           0x20000142   Data           1  main.o(.data)
    SySFirstRunFlag                          0x20000143   Data           1  main.o(.data)
    OvenStartFlag                            0x20000144   Data           1  main.o(.data)
    FengJiRunTimeFlag                        0x20000145   Data           1  main.o(.data)
    DS18B20Flag                              0x20000146   Data           1  main.o(.data)
    DS18B20FlagErrCnt                        0x20000147   Data           1  main.o(.data)
    DS18B20_Timer_Hour                       0x20000148   Data           1  main.o(.data)
    ucKeyVal                                 0x20000149   Data           1  main.o(.data)
    flgKeyOk                                 0x2000014a   Data           1  main.o(.data)
    ucLcdBkledCnt                            0x2000014b   Data           1  main.o(.data)
    flgACADC                                 0x2000014c   Data           1  main.o(.data)
    flgRdDandT                               0x2000014d   Data           1  main.o(.data)
    flgRdTmp                                 0x2000014e   Data           1  main.o(.data)
    flgSensorErr                             0x2000014f   Data           1  main.o(.data)
    flgSensorWater                           0x20000150   Data           1  main.o(.data)
    ucPlayAddr                               0x20000151   Data           1  main.o(.data)
    ucAlarmTimCnt                            0x20000152   Data           1  main.o(.data)
    flgPwrLackPhaseCnt                       0x20000153   Data           1  main.o(.data)
    flgFengjiLackPhCnt                       0x20000154   Data           1  main.o(.data)
    flgOverCurProtCnt                        0x20000155   Data           1  main.o(.data)
    flgOverVolCnt                            0x20000156   Data           1  main.o(.data)
    flgUnderVolCnt                           0x20000157   Data           1  main.o(.data)
    flgFengjiNoCurCnt                        0x20000158   Data           1  main.o(.data)
    flgSensorErrCnt                          0x20000159   Data           1  main.o(.data)
    flgSensorWaterCnt                        0x2000015a   Data           1  main.o(.data)
    flgDryHighCnt                            0x2000015b   Data           1  main.o(.data)
    flgDryLowCnt                             0x2000015c   Data           1  main.o(.data)
    flgWetHighCnt                            0x2000015d   Data           1  main.o(.data)
    flgWetLowCnt                             0x2000015e   Data           1  main.o(.data)
    RunStopState                             0x2000015f   Data           1  main.o(.data)
    over_cnt                                 0x20000160   Data           1  main.o(.data)
    over_cnt1                                0x20000161   Data           1  main.o(.data)
    over_cnt2                                0x20000162   Data           1  main.o(.data)
    over_cnt3                                0x20000163   Data           1  main.o(.data)
    alarm_cnt                                0x20000164   Data           1  main.o(.data)
    PhaseLackCnt                             0x20000165   Data           1  main.o(.data)
    AlarmLedCnt                              0x20000166   Data           1  main.o(.data)
    TotalHourNow                             0x20000167   Data           1  main.o(.data)
    TotalHourWrFlag                          0x20000168   Data           1  main.o(.data)
    PassWordCnt                              0x2000016c   Data           4  main.o(.data)
    PassFlag1                                0x20000170   Data           1  main.o(.data)
    FlagRunMode                              0x20000171   Data           1  main.o(.data)
    GufengjiOpenTest                         0x20000172   Data           1  main.o(.data)
    u16CoalMotorCntrTable                    0x20000174   Data          48  main.o(.data)
    u16CoalMotorOverLoadFlag                 0x200001a4   Data           4  main.o(.data)
    u16CoalMotorSecCnt                       0x200001a8   Data           4  main.o(.data)
    u16CoalMotorSecCntPre                    0x200001ac   Data           4  main.o(.data)
    i16GeneralAmount                         0x200001b0   Data           4  main.o(.data)
    i16CompensateAmount                      0x200001b4   Data           4  main.o(.data)
    i16DryTempScale                          0x200001b8   Data           4  main.o(.data)
    i16DryTempErrScale                       0x200001bc   Data           4  main.o(.data)
    i16CtrAmount0                            0x200001c0   Data           4  main.o(.data)
    i16CtrAmount0Set                         0x200001c4   Data           4  main.o(.data)
    u16MasterAddress                         0x200001c8   Data           4  main.o(.data)
    u16MasterAddressSet                      0x200001cc   Data           4  main.o(.data)
    u16SlaveAddress                          0x200001d0   Data           4  main.o(.data)
    u16SlaveAddressSet                       0x200001d4   Data           4  main.o(.data)
    i16CtrAmount3                            0x200001d8   Data           4  main.o(.data)
    i16CtrAmount3Pre                         0x200001dc   Data           4  main.o(.data)
    u16CoalMotorOverLoad                     0x200001e0   Data           4  main.o(.data)
    u16CoalMotorStopFlag                     0x200001e4   Data           4  main.o(.data)
    FenmenActLeSS1Flag                       0x200001e8   Data           4  main.o(.data)
    FenmenActLeSS1RunFlag                    0x200001ec   Data           4  main.o(.data)
    FenmenActMore1dot5Flag                   0x200001f0   Data           4  main.o(.data)
    FenmenActMore1dot5RunFlag                0x200001f4   Data           4  main.o(.data)
    mode                                     0x200001f8   Data           1  main.o(.data)
    Freq_Sel                                 0x200001f9   Data           1  main.o(.data)
    Power_Sel                                0x200001fa   Data           1  main.o(.data)
    Lora_Rate_Sel                            0x200001fb   Data           1  main.o(.data)
    BandWide_Sel                             0x200001fc   Data           1  main.o(.data)
    rf_rx_packet_length                      0x200001fd   Data           1  main.o(.data)
    Fsk_Rate_Sel                             0x200001fe   Data           1  main.o(.data)
    u8Sx1278SendFlag                         0x200001ff   Data           1  main.o(.data)
    sx1276_7_8SlaveAddress                   0x20000200   Data           1  main.o(.data)
    SPItest1                                 0x20000201   Data           1  main.o(.data)
    TemperSensorErrCnt                       0x20000202   Data           1  main.o(.data)
    TemperSensorErrFlag                      0x20000203   Data           1  main.o(.data)
    u16Sx1278FrameTemp                       0x20000204   Data           4  main.o(.data)
    u16Sx1278FrameCrcCheck                   0x20000208   Data           4  main.o(.data)
    vdGetFengmenCtrModStart                  0x2000020c   Data           1  main.o(.data)
    ACV_SAMP_FengmenCur                      0x20000210   Data           4  main.o(.data)
    uiWindCntTest                            0x20000214   Data           4  main.o(.data)
    FengmenOverLoadCnt                       0x20000218   Data           4  main.o(.data)
    LCDLED_RST                               0x20000220   Data           4  stm32f10x_it.o(.data)
    u16CoalMotorOverLoadFresh                0x20000224   Data           4  stm32f10x_it.o(.data)
    u16CoalMotorOverLoadCnt                  0x20000228   Data           4  stm32f10x_it.o(.data)
    u16FanonSecCnt                           0x2000022c   Data           4  stm32f10x_it.o(.data)
    u16MotorCnt                              0x20000230   Data           4  stm32f10x_it.o(.data)
    u16CoalMotorIntevalCnt                   0x20000234   Data           4  stm32f10x_it.o(.data)
    msTick                                   0x20000238   Data           4  system.o(.data)
    i16Test                                  0x2000023c   Data           1  lcd2010.o(.data)
    i16Test1                                 0x2000023d   Data           1  lcd2010.o(.data)
    i16Test2                                 0x2000023e   Data           1  lcd2010.o(.data)
    test10                                   0x2000023f   Data           1  lcd2010.o(.data)
    test12                                   0x20000240   Data           1  lcd2010.o(.data)
    ucPreRdKey                               0x20000243   Data           1  key2010.o(.data)
    ucCurRdKey                               0x20000244   Data           1  key2010.o(.data)
    ucKeyOld                                 0x20000245   Data           1  key2010.o(.data)
    flgChangKey                              0x20000246   Data           1  key2010.o(.data)
    IICl                                     0x20000248   Data           4  iic.o(.data)
    IICj                                     0x2000024c   Data           4  iic.o(.data)
    IICi                                     0x20000250   Data           4  iic.o(.data)
    ucStartSuccFlg                           0x20000254   Data           1  ds18b20.o(.data)
    u8DS18B20lowFlag                         0x20000255   Data           1  ds18b20.o(.data)
    u8DS18B20lowErrCnt_0                     0x20000256   Data           1  ds18b20.o(.data)
    u8DS18B20lowErrCnt_1                     0x20000257   Data           1  ds18b20.o(.data)
    u8DS18B20lowErrCnt_2                     0x20000258   Data           1  ds18b20.o(.data)
    u8DS18B20lowErrCnt_3                     0x20000259   Data           1  ds18b20.o(.data)
    RTCTick                                  0x20000270   Data           4  rtc.o(.data)
    DispTime                                 0x20000274   Data           1  rtc.o(.data)
    i32SampSum                               0x20000278   Data           4  adc.o(.data)
    sx1276_7_8FreqTbl                        0x2000027c   Data           3  sx1276_7_8.o(.data)
    SysTime_MicroSec                         0x2000027f   Data           1  sx1276_7_8.o(.data)
    SFBW                                     0x20000280   Data          16  sx1276_7_8.o(.data)
    uiTempBuff                               0x20000298   Data          16  main.o(.bss)
    uiTempBuff_filter                        0x200002a8   Data          16  main.o(.bss)
    uiDispBuff                               0x200002b8   Data          32  main.o(.bss)
    ucSegTimRimDispBuff                      0x200002d8   Data          20  main.o(.bss)
    ucDryTmpRimDispBuff                      0x200002ec   Data          10  main.o(.bss)
    ucWetTmpRimDispBuff                      0x200002f6   Data          10  main.o(.bss)
    ucDot5DispBuff                           0x20000300   Data          10  main.o(.bss)
    ucOtherDispBuff                          0x2000030a   Data          10  main.o(.bss)
    ucDateTime                               0x20000314   Data          20  main.o(.bss)
    ucDateTimeSet                            0x20000328   Data          20  main.o(.bss)
    uiQueryData                              0x2000033c   Data          16  main.o(.bss)
    rep                                      0x2000034c   Data          18  main.o(.bss)
    Frame_send_report                        0x2000035e   Data          16  main.o(.bss)
    USART_InitStructure                      0x20000370   Data          16  system.o(.bss)
    WorkSeg                                  0x20000380   Data         160  lcd2010.o(.bss)
    WorkSegSet                               0x20000420   Data         160  lcd2010.o(.bss)
    WorkSegDispBuff                          0x200004c0   Data         160  lcd2010.o(.bss)
    TimeBuf                                  0x20000560   Data          16  rtc.o(.bss)
    SysTime                                  0x20000570   Data          44  rtc.o(.bss)
    TimeSet                                  0x2000059c   Data          44  rtc.o(.bss)
    RxData                                   0x200005c8   Data          64  sx1276_7_8.o(.bss)
    rBuf                                     0x20000608   Data          32  sx1276_7_8.o(.bss)
    __libspace_start                         0x20000628   Data          96  libspace.o(.bss)
    __temporary_stack_top$libspace           0x20000688   Data           0  libspace.o(.bss)



==============================================================================

Memory Map of the image

  Image Entry point : 0x080000ed

  Load Region LR_IROM1 (Base: 0x08000000, Size: 0x0000adbc, Max: 0x00020000, ABSOLUTE, COMPRESSED[0x0000ab6c])

    Execution Region ER_IROM1 (Base: 0x08000000, Size: 0x0000ab24, Max: 0x00020000, ABSOLUTE)

    Base Addr    Size         Type   Attr      Idx    E Section Name        Object

    0x08000000   0x000000ec   Data   RO            3    RESET               stm32f10x.o
    0x080000ec   0x00000008   Code   RO         1848  * !!!main             c_w.l(__main.o)
    0x080000f4   0x00000034   Code   RO         2024    !!!scatter          c_w.l(__scatter.o)
    0x08000128   0x0000005a   Code   RO         2022    !!dczerorl2         c_w.l(__dczerorl2.o)
    0x08000182   0x00000002   Code   RO         1895    .ARM.Collect$$libinit$$00000000  c_w.l(libinit.o)
    0x08000184   0x00000000   Code   RO         1902    .ARM.Collect$$libinit$$00000002  c_w.l(libinit2.o)
    0x08000184   0x00000000   Code   RO         1905    .ARM.Collect$$libinit$$00000008  c_w.l(libinit2.o)
    0x08000184   0x00000000   Code   RO         1907    .ARM.Collect$$libinit$$0000000A  c_w.l(libinit2.o)
    0x08000184   0x00000000   Code   RO         1909    .ARM.Collect$$libinit$$0000000C  c_w.l(libinit2.o)
    0x08000184   0x00000000   Code   RO         1912    .ARM.Collect$$libinit$$0000000F  c_w.l(libinit2.o)
    0x08000184   0x00000000   Code   RO         1914    .ARM.Collect$$libinit$$00000011  c_w.l(libinit2.o)
    0x08000184   0x00000000   Code   RO         1916    .ARM.Collect$$libinit$$00000013  c_w.l(libinit2.o)
    0x08000184   0x00000000   Code   RO         1918    .ARM.Collect$$libinit$$00000015  c_w.l(libinit2.o)
    0x08000184   0x00000000   Code   RO         1920    .ARM.Collect$$libinit$$00000017  c_w.l(libinit2.o)
    0x08000184   0x00000000   Code   RO         1922    .ARM.Collect$$libinit$$00000019  c_w.l(libinit2.o)
    0x08000184   0x00000000   Code   RO         1924    .ARM.Collect$$libinit$$0000001B  c_w.l(libinit2.o)
    0x08000184   0x00000000   Code   RO         1926    .ARM.Collect$$libinit$$0000001D  c_w.l(libinit2.o)
    0x08000184   0x00000000   Code   RO         1928    .ARM.Collect$$libinit$$0000001F  c_w.l(libinit2.o)
    0x08000184   0x00000000   Code   RO         1930    .ARM.Collect$$libinit$$00000021  c_w.l(libinit2.o)
    0x08000184   0x00000000   Code   RO         1932    .ARM.Collect$$libinit$$00000023  c_w.l(libinit2.o)
    0x08000184   0x00000000   Code   RO         1936    .ARM.Collect$$libinit$$0000002A  c_w.l(libinit2.o)
    0x08000184   0x00000000   Code   RO         1938    .ARM.Collect$$libinit$$0000002C  c_w.l(libinit2.o)
    0x08000184   0x00000000   Code   RO         1940    .ARM.Collect$$libinit$$0000002E  c_w.l(libinit2.o)
    0x08000184   0x00000000   Code   RO         1942    .ARM.Collect$$libinit$$00000030  c_w.l(libinit2.o)
    0x08000184   0x00000002   Code   RO         1943    .ARM.Collect$$libinit$$00000031  c_w.l(libinit2.o)
    0x08000186   0x00000002   Code   RO         1963    .ARM.Collect$$libshutdown$$00000000  c_w.l(libshutdown.o)
    0x08000188   0x00000000   Code   RO         1977    .ARM.Collect$$libshutdown$$00000003  c_w.l(libshutdown2.o)
    0x08000188   0x00000000   Code   RO         1980    .ARM.Collect$$libshutdown$$00000006  c_w.l(libshutdown2.o)
    0x08000188   0x00000000   Code   RO         1983    .ARM.Collect$$libshutdown$$00000009  c_w.l(libshutdown2.o)
    0x08000188   0x00000000   Code   RO         1985    .ARM.Collect$$libshutdown$$0000000B  c_w.l(libshutdown2.o)
    0x08000188   0x00000000   Code   RO         1988    .ARM.Collect$$libshutdown$$0000000E  c_w.l(libshutdown2.o)
    0x08000188   0x00000002   Code   RO         1989    .ARM.Collect$$libshutdown$$0000000F  c_w.l(libshutdown2.o)
    0x0800018a   0x00000000   Code   RO         1862    .ARM.Collect$$rtentry$$00000000  c_w.l(rtentry.o)
    0x0800018a   0x00000000   Code   RO         1872    .ARM.Collect$$rtentry$$00000002  c_w.l(rtentry2.o)
    0x0800018a   0x00000006   Code   RO         1884    .ARM.Collect$$rtentry$$00000004  c_w.l(rtentry4.o)
    0x08000190   0x00000000   Code   RO         1874    .ARM.Collect$$rtentry$$00000009  c_w.l(rtentry2.o)
    0x08000190   0x00000004   Code   RO         1875    .ARM.Collect$$rtentry$$0000000A  c_w.l(rtentry2.o)
    0x08000194   0x00000000   Code   RO         1877    .ARM.Collect$$rtentry$$0000000C  c_w.l(rtentry2.o)
    0x08000194   0x00000008   Code   RO         1878    .ARM.Collect$$rtentry$$0000000D  c_w.l(rtentry2.o)
    0x0800019c   0x00000002   Code   RO         1899    .ARM.Collect$$rtexit$$00000000  c_w.l(rtexit.o)
    0x0800019e   0x00000000   Code   RO         1945    .ARM.Collect$$rtexit$$00000002  c_w.l(rtexit2.o)
    0x0800019e   0x00000004   Code   RO         1946    .ARM.Collect$$rtexit$$00000003  c_w.l(rtexit2.o)
    0x080001a2   0x00000006   Code   RO         1947    .ARM.Collect$$rtexit$$00000004  c_w.l(rtexit2.o)
    0x080001a8   0x00000038   Code   RO            4    .text               stm32f10x.o
    0x080001e0   0x00006548   Code   RO           10    .text               main.o
    0x08006728   0x000005fc   Code   RO          151    .text               stm32f10x_it.o
    0x08006d24   0x000004f8   Code   RO          170    .text               system.o
    0x0800721c   0x000013bc   Code   RO          186    .text               lcd2010.o
    0x080085d8   0x000001e8   Code   RO          204    .text               key2010.o
    0x080087c0   0x000002e4   Code   RO          220    .text               iic.o
    0x08008aa4   0x00000674   Code   RO          239    .text               ds18b20.o
    0x08009118   0x00000130   Code   RO          254    .text               rtc.o
    0x08009248   0x000001e0   Code   RO          277    .text               adc.o
    0x08009428   0x000000d8   Code   RO          292    .text               yuyin.o
    0x08009500   0x0000013c   Code   RO          304    .text               spi.o
    0x0800963c   0x000003f4   Code   RO          319    .text               sx1276_7_8.o
    0x08009a30   0x0000007a   Code   RO         1836    .text               STM32F10xR.LIB(cortexm3_macro.o)
    0x08009aaa   0x00000002   PAD
    0x08009aac   0x000001a4   Code   RO         1842    .text               c_w.l(mktime.o)
    0x08009c50   0x000000a4   Code   RO         1844    .text               c_w.l(localtime_internal.o)
    0x08009cf4   0x00000006   Code   RO         1846    .text               c_w.l(heapauxi.o)
    0x08009cfa   0x0000004e   Code   RO         1863    .text               c_w.l(rt_memclr_w.o)
    0x08009d48   0x0000004a   Code   RO         1886    .text               c_w.l(sys_stackheap_outer.o)
    0x08009d92   0x0000000c   Code   RO         1888    .text               c_w.l(exit.o)
    0x08009d9e   0x00000002   PAD
    0x08009da0   0x00000008   Code   RO         1896    .text               c_w.l(libspace.o)
    0x08009da8   0x0000000c   Code   RO         1955    .text               c_w.l(sys_exit.o)
    0x08009db4   0x00000002   Code   RO         1966    .text               c_w.l(use_no_semi.o)
    0x08009db6   0x00000000   Code   RO         1968    .text               c_w.l(indicate_semi.o)
    0x08009db6   0x00000006   Code   RO          377    i.ADC_ClearFlag     STM32F10xR.LIB(stm32f10x_adc.o)
    0x08009dbc   0x00000014   Code   RO          347    i.ADC_Cmd           STM32F10xR.LIB(stm32f10x_adc.o)
    0x08009dd0   0x0000000e   Code   RO          353    i.ADC_GetCalibrationStatus  STM32F10xR.LIB(stm32f10x_adc.o)
    0x08009dde   0x0000000e   Code   RO          376    i.ADC_GetFlagStatus  STM32F10xR.LIB(stm32f10x_adc.o)
    0x08009dec   0x0000000e   Code   RO          351    i.ADC_GetResetCalibrationStatus  STM32F10xR.LIB(stm32f10x_adc.o)
    0x08009dfa   0x00000002   PAD
    0x08009dfc   0x00000048   Code   RO          345    i.ADC_Init          STM32F10xR.LIB(stm32f10x_adc.o)
    0x08009e44   0x00000074   Code   RO          358    i.ADC_RegularChannelConfig  STM32F10xR.LIB(stm32f10x_adc.o)
    0x08009eb8   0x0000000a   Code   RO          350    i.ADC_ResetCalibration  STM32F10xR.LIB(stm32f10x_adc.o)
    0x08009ec2   0x00000014   Code   RO          354    i.ADC_SoftwareStartConvCmd  STM32F10xR.LIB(stm32f10x_adc.o)
    0x08009ed6   0x0000000a   Code   RO          352    i.ADC_StartCalibration  STM32F10xR.LIB(stm32f10x_adc.o)
    0x08009ee0   0x00000010   Code   RO          592    i.BKP_ReadBackupRegister  STM32F10xR.LIB(stm32f10x_bkp.o)
    0x08009ef0   0x00000010   Code   RO          591    i.BKP_WriteBackupRegister  STM32F10xR.LIB(stm32f10x_bkp.o)
    0x08009f00   0x00000018   Code   RO          668    i.FLASH_PrefetchBufferCmd  STM32F10xR.LIB(stm32f10x_flash.o)
    0x08009f18   0x00000018   Code   RO          666    i.FLASH_SetLatency  STM32F10xR.LIB(stm32f10x_flash.o)
    0x08009f30   0x000000a0   Code   RO          817    i.GPIO_Init         STM32F10xR.LIB(stm32f10x_gpio.o)
    0x08009fd0   0x00000048   Code   RO          830    i.GPIO_PinRemapConfig  STM32F10xR.LIB(stm32f10x_gpio.o)
    0x0800a018   0x0000000e   Code   RO          819    i.GPIO_ReadInputDataBit  STM32F10xR.LIB(stm32f10x_gpio.o)
    0x0800a026   0x0000000e   Code   RO          821    i.GPIO_ReadOutputDataBit  STM32F10xR.LIB(stm32f10x_gpio.o)
    0x0800a034   0x00000004   Code   RO          824    i.GPIO_ResetBits    STM32F10xR.LIB(stm32f10x_gpio.o)
    0x0800a038   0x00000004   Code   RO          823    i.GPIO_SetBits      STM32F10xR.LIB(stm32f10x_gpio.o)
    0x0800a03c   0x0000000a   Code   RO          825    i.GPIO_WriteBit     STM32F10xR.LIB(stm32f10x_gpio.o)
    0x0800a046   0x00000002   PAD
    0x0800a048   0x00000010   Code   RO          945    i.NVIC_GenerateSystemReset  STM32F10xR.LIB(stm32f10x_nvic.o)
    0x0800a058   0x00000004   Code   RO          933    i.NVIC_SETFAULTMASK  STM32F10xR.LIB(stm32f10x_nvic.o)
    0x0800a05c   0x00000014   Code   RO          944    i.NVIC_SetVectorTable  STM32F10xR.LIB(stm32f10x_nvic.o)
    0x0800a070   0x0000000c   Code   RO         1116    i.PWR_BackupAccessCmd  STM32F10xR.LIB(stm32f10x_pwr.o)
    0x0800a07c   0x00000018   Code   RO         1201    i.RCC_APB1PeriphClockCmd  STM32F10xR.LIB(stm32f10x_rcc.o)
    0x0800a094   0x00000018   Code   RO         1203    i.RCC_APB1PeriphResetCmd  STM32F10xR.LIB(stm32f10x_rcc.o)
    0x0800a0ac   0x00000018   Code   RO         1200    i.RCC_APB2PeriphClockCmd  STM32F10xR.LIB(stm32f10x_rcc.o)
    0x0800a0c4   0x00000018   Code   RO         1202    i.RCC_APB2PeriphResetCmd  STM32F10xR.LIB(stm32f10x_rcc.o)
    0x0800a0dc   0x00000010   Code   RO         1207    i.RCC_ClearFlag     STM32F10xR.LIB(stm32f10x_rcc.o)
    0x0800a0ec   0x0000003c   Code   RO         1178    i.RCC_DeInit        STM32F10xR.LIB(stm32f10x_rcc.o)
    0x0800a128   0x00000094   Code   RO         1198    i.RCC_GetClocksFreq  STM32F10xR.LIB(stm32f10x_rcc.o)
    0x0800a1bc   0x00000030   Code   RO         1180    i.RCC_GetFlagStatus  STM32F10xR.LIB(stm32f10x_rcc.o)
    0x0800a1ec   0x00000010   Code   RO         1187    i.RCC_GetSYSCLKSource  STM32F10xR.LIB(stm32f10x_rcc.o)
    0x0800a1fc   0x00000014   Code   RO         1188    i.RCC_HCLKConfig    STM32F10xR.LIB(stm32f10x_rcc.o)
    0x0800a210   0x00000034   Code   RO         1179    i.RCC_HSEConfig     STM32F10xR.LIB(stm32f10x_rcc.o)
    0x0800a244   0x00000020   Code   RO         1194    i.RCC_LSEConfig     STM32F10xR.LIB(stm32f10x_rcc.o)
    0x0800a264   0x00000014   Code   RO         1189    i.RCC_PCLK1Config   STM32F10xR.LIB(stm32f10x_rcc.o)
    0x0800a278   0x00000014   Code   RO         1190    i.RCC_PCLK2Config   STM32F10xR.LIB(stm32f10x_rcc.o)
    0x0800a28c   0x0000000c   Code   RO         1185    i.RCC_PLLCmd        STM32F10xR.LIB(stm32f10x_rcc.o)
    0x0800a298   0x00000014   Code   RO         1184    i.RCC_PLLConfig     STM32F10xR.LIB(stm32f10x_rcc.o)
    0x0800a2ac   0x0000000c   Code   RO         1197    i.RCC_RTCCLKCmd     STM32F10xR.LIB(stm32f10x_rcc.o)
    0x0800a2b8   0x00000010   Code   RO         1196    i.RCC_RTCCLKConfig  STM32F10xR.LIB(stm32f10x_rcc.o)
    0x0800a2c8   0x00000014   Code   RO         1186    i.RCC_SYSCLKConfig  STM32F10xR.LIB(stm32f10x_rcc.o)
    0x0800a2dc   0x00000034   Code   RO         1181    i.RCC_WaitForHSEStartUp  STM32F10xR.LIB(stm32f10x_rcc.o)
    0x0800a310   0x00000010   Code   RO         1380    i.RTC_EnterConfigMode  STM32F10xR.LIB(stm32f10x_rtc.o)
    0x0800a320   0x00000010   Code   RO         1381    i.RTC_ExitConfigMode  STM32F10xR.LIB(stm32f10x_rtc.o)
    0x0800a330   0x00000010   Code   RO         1382    i.RTC_GetCounter    STM32F10xR.LIB(stm32f10x_rtc.o)
    0x0800a340   0x0000001c   Code   RO         1379    i.RTC_ITConfig      STM32F10xR.LIB(stm32f10x_rtc.o)
    0x0800a35c   0x0000001c   Code   RO         1383    i.RTC_SetCounter    STM32F10xR.LIB(stm32f10x_rtc.o)
    0x0800a378   0x00000020   Code   RO         1384    i.RTC_SetPrescaler  STM32F10xR.LIB(stm32f10x_rtc.o)
    0x0800a398   0x00000014   Code   RO         1387    i.RTC_WaitForLastTask  STM32F10xR.LIB(stm32f10x_rtc.o)
    0x0800a3ac   0x00000020   Code   RO         1388    i.RTC_WaitForSynchro  STM32F10xR.LIB(stm32f10x_rtc.o)
    0x0800a3cc   0x00000014   Code   RO         1478    i.SPI_Cmd           STM32F10xR.LIB(stm32f10x_spi.o)
    0x0800a3e0   0x0000004c   Code   RO         1473    i.SPI_I2S_DeInit    STM32F10xR.LIB(stm32f10x_spi.o)
    0x0800a42c   0x0000000e   Code   RO         1492    i.SPI_I2S_GetFlagStatus  STM32F10xR.LIB(stm32f10x_spi.o)
    0x0800a43a   0x00000004   Code   RO         1483    i.SPI_I2S_ReceiveData  STM32F10xR.LIB(stm32f10x_spi.o)
    0x0800a43e   0x00000004   Code   RO         1482    i.SPI_I2S_SendData  STM32F10xR.LIB(stm32f10x_spi.o)
    0x0800a442   0x00000038   Code   RO         1474    i.SPI_Init          STM32F10xR.LIB(stm32f10x_spi.o)
    0x0800a47a   0x00000024   Code   RO         1622    i.SysTick_CounterCmd  STM32F10xR.LIB(stm32f10x_systick.o)
    0x0800a49e   0x00000018   Code   RO         1623    i.SysTick_ITConfig  STM32F10xR.LIB(stm32f10x_systick.o)
    0x0800a4b6   0x00000008   Code   RO         1621    i.SysTick_SetReload  STM32F10xR.LIB(stm32f10x_systick.o)
    0x0800a4be   0x00000014   Code   RO         1670    i.USART_Cmd         STM32F10xR.LIB(stm32f10x_usart.o)
    0x0800a4d2   0x00000002   PAD
    0x0800a4d4   0x00000088   Code   RO         1666    i.USART_Init        STM32F10xR.LIB(stm32f10x_usart.o)
    0x0800a55c   0x0000005a   Code   RO         1850    x$fpl$dfixu         fz_ws.l(dfixu.o)
    0x0800a5b6   0x00000026   Code   RO         1854    x$fpl$dfltu         fz_ws.l(dflt_clz.o)
    0x0800a5dc   0x00000154   Code   RO         1860    x$fpl$dmul          fz_ws.l(dmul.o)
    0x0800a730   0x0000009c   Code   RO         1866    x$fpl$dnaninf       fz_ws.l(dnaninf.o)
    0x0800a7cc   0x0000000c   Code   RO         1868    x$fpl$dretinf       fz_ws.l(dretinf.o)
    0x0800a7d8   0x00000000   Code   RO         1870    x$fpl$usenofp       fz_ws.l(usenofp.o)
    0x0800a7d8   0x00000280   Data   RO           12    .constdata          main.o
    0x0800aa58   0x00000084   Data   RO          188    .constdata          lcd2010.o
    0x0800aadc   0x00000015   Data   RO          321    .constdata          sx1276_7_8.o
    0x0800aaf1   0x00000014   Data   RO         1211    .constdata          STM32F10xR.LIB(stm32f10x_rcc.o)
    0x0800ab05   0x0000000c   Data   RO         1865    .constdata          c_w.l(_monlen.o)
    0x0800ab11   0x00000003   PAD
    0x0800ab14   0x00000010   Data   RO         2020    Region$$Table       anon$$obj.o


    Execution Region RW_IRAM1 (Base: 0x20000000, Size: 0x00001488, Max: 0x00005000, ABSOLUTE, UNINIT, COMPRESSED[0x00000048])

    Base Addr    Size         Type   Attr      Idx    E Section Name        Object

    0x20000000   0x0000021d   Data   RW           13    .data               main.o
    0x2000021d   0x00000003   PAD
    0x20000220   0x00000018   Data   RW          152    .data               stm32f10x_it.o
    0x20000238   0x00000004   Data   RW          172    .data               system.o
    0x2000023c   0x00000007   Data   RW          189    .data               lcd2010.o
    0x20000243   0x00000004   Data   RW          205    .data               key2010.o
    0x20000247   0x00000001   PAD
    0x20000248   0x0000000c   Data   RW          221    .data               iic.o
    0x20000254   0x0000001a   Data   RW          240    .data               ds18b20.o
    0x2000026e   0x00000002   PAD
    0x20000270   0x00000005   Data   RW          256    .data               rtc.o
    0x20000275   0x00000003   PAD
    0x20000278   0x00000004   Data   RW          278    .data               adc.o
    0x2000027c   0x00000014   Data   RW          322    .data               sx1276_7_8.o
    0x20000290   0x00000008   Data   RW         1210    .data               STM32F10xR.LIB(stm32f10x_rcc.o)
    0x20000298   0x000000d6   Zero   RW           11    .bss                main.o
    0x2000036e   0x00000002   PAD
    0x20000370   0x00000010   Zero   RW          171    .bss                system.o
    0x20000380   0x000001e0   Zero   RW          187    .bss                lcd2010.o
    0x20000560   0x00000068   Zero   RW          255    .bss                rtc.o
    0x200005c8   0x00000060   Zero   RW          320    .bss                sx1276_7_8.o
    0x20000628   0x00000060   Zero   RW         1897    .bss                c_w.l(libspace.o)
    0x20000688   0x00000600   Zero   RW            2    HEAP                stm32f10x.o
    0x20000c88   0x00000800   Zero   RW            1    STACK               stm32f10x.o


==============================================================================

Image component sizes


      Code (inc. data)   RO Data    RW Data    ZI Data      Debug   Object Name

       480         18          0          4          0       1916   adc.o
      1652         66          0         26          0       4763   ds18b20.o
       740         30          0         12          0       3100   iic.o
       488         34          0          4          0       1473   key2010.o
      5052        304        132          7        480       6264   lcd2010.o
     25928       2992        640        541        214      62931   main.o
       304         12          0          5        104       2907   rtc.o
       316          8          0          0          0       1718   spi.o
        56         22        236          0       3584        824   stm32f10x.o
      1532        198          0         24          0       9133   stm32f10x_it.o
      1012         68         21         20         96       4701   sx1276_7_8.o
      1272         44          0          4         16       2855   system.o
       216          4          0          0          0       1083   yuyin.o

    ----------------------------------------------------------------------
     39048       3800       1045        656       4496     103668   Object Totals
         0          0         16          0          0          0   (incl. Generated)
         0          0          0          9          2          0   (incl. Padding)

    ----------------------------------------------------------------------

      Code (inc. data)   RO Data    RW Data    ZI Data      Debug   Library Member Name

       122          0          0          0          0        308   cortexm3_macro.o
       296         10          0          0          0      39372   stm32f10x_adc.o
        32         12          0          0          0        943   stm32f10x_bkp.o
        48         12          0          0          0        893   stm32f10x_flash.o
       278          6          0          0          0      11203   stm32f10x_gpio.o
        40         16          0          0          0       1273   stm32f10x_nvic.o
        12          6          0          0          0        434   stm32f10x_pwr.o
       660        128         20          8          0      11839   stm32f10x_rcc.o
       188         40          0          0          0       3680   stm32f10x_rtc.o
       174          4          0          0          0      10367   stm32f10x_spi.o
        68          0          0          0          0       1376   stm32f10x_systick.o
       156          6          0          0          0       8697   stm32f10x_usart.o
        90          0          0          0          0          0   __dczerorl2.o
         8          0          0          0          0         68   __main.o
        52          8          0          0          0          0   __scatter.o
         0          0         12          0          0          0   _monlen.o
        12          0          0          0          0         72   exit.o
         6          0          0          0          0        152   heapauxi.o
         0          0          0          0          0          0   indicate_semi.o
         2          0          0          0          0          0   libinit.o
         2          0          0          0          0          0   libinit2.o
         2          0          0          0          0          0   libshutdown.o
         2          0          0          0          0          0   libshutdown2.o
         8          4          0          0         96         68   libspace.o
       164          6          0          0          0         80   localtime_internal.o
       420         10          0          0          0        128   mktime.o
        78          0          0          0          0         80   rt_memclr_w.o
         0          0          0          0          0          0   rtentry.o
        12          0          0          0          0          0   rtentry2.o
         6          0          0          0          0          0   rtentry4.o
         2          0          0          0          0          0   rtexit.o
        10          0          0          0          0          0   rtexit2.o
        12          4          0          0          0         68   sys_exit.o
        74          0          0          0          0         80   sys_stackheap_outer.o
         2          0          0          0          0         68   use_no_semi.o
        90          4          0          0          0         92   dfixu.o
        38          0          0          0          0         68   dflt_clz.o
       340         12          0          0          0        104   dmul.o
       156          4          0          0          0         92   dnaninf.o
        12          0          0          0          0         68   dretinf.o
         0          0          0          0          0          0   usenofp.o

    ----------------------------------------------------------------------
      3684        292         35          8         96      91673   Library Totals
        10          0          3          0          0          0   (incl. Padding)

    ----------------------------------------------------------------------

      Code (inc. data)   RO Data    RW Data    ZI Data      Debug   Library Name

      2074        240         20          8          0      90385   STM32F10xR.LIB
       964         32         12          0         96        864   c_w.l
       636         20          0          0          0        424   fz_ws.l

    ----------------------------------------------------------------------
      3684        292         35          8         96      91673   Library Totals

    ----------------------------------------------------------------------

==============================================================================


      Code (inc. data)   RO Data    RW Data    ZI Data      Debug   

     42732       4092       1080        664       4592     191173   Grand Totals
     42732       4092       1080         72       4592     191173   ELF Image Totals (compressed)
     42732       4092       1080         72          0          0   ROM Totals

==============================================================================

    Total RO  Size (Code + RO Data)                43812 (  42.79kB)
    Total RW  Size (RW Data + ZI Data)              5256 (   5.13kB)
    Total ROM Size (Code + RO Data + RW Data)      43884 (  42.86kB)

==============================================================================

